Archive member included to satisfy reference by file (symbol)

D:/arm-none-eabi/13.3 rel1/bin/../lib/gcc/arm-none-eabi/13.3.1/thumb/v7e-m/nofp\libgcc.a(_arm_muldf3.o)
                              CMakeFiles/LTDC-800-480.elf.dir/User/lcd_test.c.obj (__aeabi_dmul)
D:/arm-none-eabi/13.3 rel1/bin/../lib/gcc/arm-none-eabi/13.3.1/thumb/v7e-m/nofp\libgcc.a(_arm_mulsf3.o)
                              CMakeFiles/LTDC-800-480.elf.dir/Core/Src/system_stm32h7xx.c.obj (__aeabi_fmul)
D:/arm-none-eabi/13.3 rel1/bin/../lib/gcc/arm-none-eabi/13.3.1/thumb/v7e-m/nofp\libgcc.a(_arm_addsubdf3.o)
                              CMakeFiles/LTDC-800-480.elf.dir/User/lcd_test.c.obj (__aeabi_dsub)
D:/arm-none-eabi/13.3 rel1/bin/../lib/gcc/arm-none-eabi/13.3.1/thumb/v7e-m/nofp\libgcc.a(_arm_addsubsf3.o)
                              CMakeFiles/LTDC-800-480.elf.dir/Core/Src/system_stm32h7xx.c.obj (__aeabi_fadd)
D:/arm-none-eabi/13.3 rel1/bin/../lib/gcc/arm-none-eabi/13.3.1/thumb/v7e-m/nofp\libgcc.a(_arm_muldivsf3.o)
                              CMakeFiles/LTDC-800-480.elf.dir/Core/Src/system_stm32h7xx.c.obj (__aeabi_fdiv)
D:/arm-none-eabi/13.3 rel1/bin/../lib/gcc/arm-none-eabi/13.3.1/thumb/v7e-m/nofp\libgcc.a(_arm_cmpsf2.o)
                              CMakeFiles/LTDC-800-480.elf.dir/User/lcd_rgb.c.obj (__aeabi_fcmplt)
D:/arm-none-eabi/13.3 rel1/bin/../lib/gcc/arm-none-eabi/13.3.1/thumb/v7e-m/nofp\libgcc.a(_arm_fixunssfsi.o)
                              CMakeFiles/LTDC-800-480.elf.dir/Core/Src/system_stm32h7xx.c.obj (__aeabi_f2uiz)
D:/arm-none-eabi/13.3 rel1/bin/../lib/gcc/arm-none-eabi/13.3.1/thumb/v7e-m/nofp\libgcc.a(_aeabi_uldivmod.o)
                              CMakeFiles/LTDC-800-480.elf.dir/Drivers/STM32H7xx_HAL_Driver/Src/stm32h7xx_hal_uart.c.obj (__aeabi_uldivmod)
D:/arm-none-eabi/13.3 rel1/bin/../lib/gcc/arm-none-eabi/13.3.1/thumb/v7e-m/nofp\libgcc.a(_udivmoddi4.o)
                              D:/arm-none-eabi/13.3 rel1/bin/../lib/gcc/arm-none-eabi/13.3.1/thumb/v7e-m/nofp\libgcc.a(_aeabi_uldivmod.o) (__udivmoddi4)
D:/arm-none-eabi/13.3 rel1/bin/../lib/gcc/arm-none-eabi/13.3.1/thumb/v7e-m/nofp\libgcc.a(_dvmd_tls.o)
                              D:/arm-none-eabi/13.3 rel1/bin/../lib/gcc/arm-none-eabi/13.3.1/thumb/v7e-m/nofp\libgcc.a(_aeabi_uldivmod.o) (__aeabi_ldiv0)
D:/arm-none-eabi/13.3 rel1/bin/../lib/gcc/arm-none-eabi/13.3.1/thumb/v7e-m/nofp\libg.a(libc_a-exit.o)
                              D:/arm-none-eabi/13.3 rel1/bin/../lib/gcc/arm-none-eabi/13.3.1/thumb/v7e-m/nofp/crt0.o (exit)
D:/arm-none-eabi/13.3 rel1/bin/../lib/gcc/arm-none-eabi/13.3.1/thumb/v7e-m/nofp\libg.a(libc_a-findfp.o)
                              D:/arm-none-eabi/13.3 rel1/bin/../lib/gcc/arm-none-eabi/13.3.1/thumb/v7e-m/nofp\libg.a(libc_a-exit.o) (__stdio_exit_handler)
D:/arm-none-eabi/13.3 rel1/bin/../lib/gcc/arm-none-eabi/13.3.1/thumb/v7e-m/nofp\libg.a(libc_a-fwalk.o)
                              D:/arm-none-eabi/13.3 rel1/bin/../lib/gcc/arm-none-eabi/13.3.1/thumb/v7e-m/nofp\libg.a(libc_a-findfp.o) (_fwalk_sglue)
D:/arm-none-eabi/13.3 rel1/bin/../lib/gcc/arm-none-eabi/13.3.1/thumb/v7e-m/nofp\libg.a(libc_a-sprintf.o)
                              CMakeFiles/LTDC-800-480.elf.dir/User/lcd_rgb.c.obj (sprintf)
D:/arm-none-eabi/13.3 rel1/bin/../lib/gcc/arm-none-eabi/13.3.1/thumb/v7e-m/nofp\libg.a(libc_a-stdio.o)
                              D:/arm-none-eabi/13.3 rel1/bin/../lib/gcc/arm-none-eabi/13.3.1/thumb/v7e-m/nofp\libg.a(libc_a-findfp.o) (__sread)
D:/arm-none-eabi/13.3 rel1/bin/../lib/gcc/arm-none-eabi/13.3.1/thumb/v7e-m/nofp\libg.a(libc_a-memset.o)
                              D:/arm-none-eabi/13.3 rel1/bin/../lib/gcc/arm-none-eabi/13.3.1/thumb/v7e-m/nofp/crt0.o (memset)
D:/arm-none-eabi/13.3 rel1/bin/../lib/gcc/arm-none-eabi/13.3.1/thumb/v7e-m/nofp\libg.a(libc_a-closer.o)
                              D:/arm-none-eabi/13.3 rel1/bin/../lib/gcc/arm-none-eabi/13.3.1/thumb/v7e-m/nofp\libg.a(libc_a-stdio.o) (_close_r)
D:/arm-none-eabi/13.3 rel1/bin/../lib/gcc/arm-none-eabi/13.3.1/thumb/v7e-m/nofp\libg.a(libc_a-reent.o)
                              D:/arm-none-eabi/13.3 rel1/bin/../lib/gcc/arm-none-eabi/13.3.1/thumb/v7e-m/nofp\libg.a(libc_a-closer.o) (errno)
D:/arm-none-eabi/13.3 rel1/bin/../lib/gcc/arm-none-eabi/13.3.1/thumb/v7e-m/nofp\libg.a(libc_a-impure.o)
                              D:/arm-none-eabi/13.3 rel1/bin/../lib/gcc/arm-none-eabi/13.3.1/thumb/v7e-m/nofp\libg.a(libc_a-sprintf.o) (_impure_ptr)
D:/arm-none-eabi/13.3 rel1/bin/../lib/gcc/arm-none-eabi/13.3.1/thumb/v7e-m/nofp\libg.a(libc_a-lseekr.o)
                              D:/arm-none-eabi/13.3 rel1/bin/../lib/gcc/arm-none-eabi/13.3.1/thumb/v7e-m/nofp\libg.a(libc_a-stdio.o) (_lseek_r)
D:/arm-none-eabi/13.3 rel1/bin/../lib/gcc/arm-none-eabi/13.3.1/thumb/v7e-m/nofp\libg.a(libc_a-readr.o)
                              D:/arm-none-eabi/13.3 rel1/bin/../lib/gcc/arm-none-eabi/13.3.1/thumb/v7e-m/nofp\libg.a(libc_a-stdio.o) (_read_r)
[...]
Memory Configuration

Name             Origin             Length             Attributes
FLASH            0x08000000         0x00200000         xr
DTCMRAM          0x20000000         0x00020000         xrw
RAM_D1           0x24000000         0x00080000         xrw
RAM_D2           0x30000000         0x00048000         xrw
RAM_D3           0x38000000         0x00010000         xrw
ITCMRAM          0x00000000         0x00010000         xrw
*default*        0x00000000         0xffffffff

Linker script and memory map

LOAD D:/arm-none-eabi/13.3 rel1/bin/../lib/gcc/arm-none-eabi/13.3.1/thumb/v7e-m/nofp/crti.o
LOAD D:/arm-none-eabi/13.3 rel1/bin/../lib/gcc/arm-none-eabi/13.3.1/thumb/v7e-m/nofp/crtbegin.o
LOAD D:/arm-none-eabi/13.3 rel1/bin/../lib/gcc/arm-none-eabi/13.3.1/thumb/v7e-m/nofp/crt0.o
LOAD CMakeFiles/LTDC-800-480.elf.dir/Core/Src/dcmi.c.obj
LOAD CMakeFiles/LTDC-800-480.elf.dir/Core/Src/dma.c.obj
LOAD CMakeFiles/LTDC-800-480.elf.dir/Core/Src/dma2d.c.obj
LOAD CMakeFiles/LTDC-800-480.elf.dir/Core/Src/fmc.c.obj
LOAD CMakeFiles/LTDC-800-480.elf.dir/Core/Src/gpio.c.obj
LOAD CMakeFiles/LTDC-800-480.elf.dir/Core/Src/ltdc.c.obj
LOAD CMakeFiles/LTDC-800-480.elf.dir/Core/Src/main.c.obj
LOAD CMakeFiles/LTDC-800-480.elf.dir/Core/Src/memorymap.c.obj
LOAD CMakeFiles/LTDC-800-480.elf.dir/Core/Src/quadspi.c.obj
LOAD CMakeFiles/LTDC-800-480.elf.dir/Core/Src/rtc.c.obj
LOAD CMakeFiles/LTDC-800-480.elf.dir/Core/Src/stm32h7xx_hal_msp.c.obj
LOAD CMakeFiles/LTDC-800-480.elf.dir/Core/Src/stm32h7xx_it.c.obj
LOAD CMakeFiles/LTDC-800-480.elf.dir/Core/Src/syscalls.c.obj
LOAD CMakeFiles/LTDC-800-480.elf.dir/Core/Src/sysmem.c.obj
LOAD CMakeFiles/LTDC-800-480.elf.dir/Core/Src/system_stm32h7xx.c.obj
LOAD CMakeFiles/LTDC-800-480.elf.dir/Core/Src/usart.c.obj
LOAD CMakeFiles/LTDC-800-480.elf.dir/Core/Startup/startup_stm32h743xihx.s.obj
LOAD CMakeFiles/LTDC-800-480.elf.dir/Drivers/STM32H7xx_HAL_Driver/Src/stm32h7xx_hal.c.obj
LOAD CMakeFiles/LTDC-800-480.elf.dir/Drivers/STM32H7xx_HAL_Driver/Src/stm32h7xx_hal_cortex.c.obj
LOAD CMakeFiles/LTDC-800-480.elf.dir/Drivers/STM32H7xx_HAL_Driver/Src/stm32h7xx_hal_dcmi.c.obj
LOAD CMakeFiles/LTDC-800-480.elf.dir/Drivers/STM32H7xx_HAL_Driver/Src/stm32h7xx_hal_dma.c.obj
LOAD CMakeFiles/LTDC-800-480.elf.dir/Drivers/STM32H7xx_HAL_Driver/Src/stm32h7xx_hal_dma2d.c.obj
LOAD CMakeFiles/LTDC-800-480.elf.dir/Drivers/STM32H7xx_HAL_Driver/Src/stm32h7xx_hal_dma_ex.c.obj
LOAD CMakeFiles/LTDC-800-480.elf.dir/Drivers/STM32H7xx_HAL_Driver/Src/stm32h7xx_hal_dsi.c.obj
LOAD CMakeFiles/LTDC-800-480.elf.dir/Drivers/STM32H7xx_HAL_Driver/Src/stm32h7xx_hal_exti.c.obj
LOAD CMakeFiles/LTDC-800-480.elf.dir/Drivers/STM32H7xx_HAL_Driver/Src/stm32h7xx_hal_flash.c.obj
LOAD CMakeFiles/LTDC-800-480.elf.dir/Drivers/STM32H7xx_HAL_Driver/Src/stm32h7xx_hal_flash_ex.c.obj
LOAD CMakeFiles/LTDC-800-480.elf.dir/Drivers/STM32H7xx_HAL_Driver/Src/stm32h7xx_hal_gpio.c.obj
LOAD CMakeFiles/LTDC-800-480.elf.dir/Drivers/STM32H7xx_HAL_Driver/Src/stm32h7xx_hal_hsem.c.obj
LOAD CMakeFiles/LTDC-800-480.elf.dir/Drivers/STM32H7xx_HAL_Driver/Src/stm32h7xx_hal_i2c.c.obj
LOAD CMakeFiles/LTDC-800-480.elf.dir/Drivers/STM32H7xx_HAL_Driver/Src/stm32h7xx_hal_i2c_ex.c.obj
LOAD CMakeFiles/LTDC-800-480.elf.dir/Drivers/STM32H7xx_HAL_Driver/Src/stm32h7xx_hal_ltdc.c.obj
LOAD CMakeFiles/LTDC-800-480.elf.dir/Drivers/STM32H7xx_HAL_Driver/Src/stm32h7xx_hal_ltdc_ex.c.obj
LOAD CMakeFiles/LTDC-800-480.elf.dir/Drivers/STM32H7xx_HAL_Driver/Src/stm32h7xx_hal_mdma.c.obj
LOAD CMakeFiles/LTDC-800-480.elf.dir/Drivers/STM32H7xx_HAL_Driver/Src/stm32h7xx_hal_pwr.c.obj
LOAD CMakeFiles/LTDC-800-480.elf.dir/Drivers/STM32H7xx_HAL_Driver/Src/stm32h7xx_hal_pwr_ex.c.obj
LOAD CMakeFiles/LTDC-800-480.elf.dir/Drivers/STM32H7xx_HAL_Driver/Src/stm32h7xx_hal_qspi.c.obj
LOAD CMakeFiles/LTDC-800-480.elf.dir/Drivers/STM32H7xx_HAL_Driver/Src/stm32h7xx_hal_rcc.c.obj
LOAD CMakeFiles/LTDC-800-480.elf.dir/Drivers/STM32H7xx_HAL_Driver/Src/stm32h7xx_hal_rcc_ex.c.obj
LOAD CMakeFiles/LTDC-800-480.elf.dir/Drivers/STM32H7xx_HAL_Driver/Src/stm32h7xx_hal_rtc.c.obj
LOAD CMakeFiles/LTDC-800-480.elf.dir/Drivers/STM32H7xx_HAL_Driver/Src/stm32h7xx_hal_rtc_ex.c.obj
LOAD CMakeFiles/LTDC-800-480.elf.dir/Drivers/STM32H7xx_HAL_Driver/Src/stm32h7xx_hal_sdram.c.obj
LOAD CMakeFiles/LTDC-800-480.elf.dir/Drivers/STM32H7xx_HAL_Driver/Src/stm32h7xx_hal_tim.c.obj
LOAD CMakeFiles/LTDC-800-480.elf.dir/Drivers/STM32H7xx_HAL_Driver/Src/stm32h7xx_hal_tim_ex.c.obj
LOAD CMakeFiles/LTDC-800-480.elf.dir/Drivers/STM32H7xx_HAL_Driver/Src/stm32h7xx_hal_uart.c.obj
LOAD CMakeFiles/LTDC-800-480.elf.dir/Drivers/STM32H7xx_HAL_Driver/Src/stm32h7xx_hal_uart_ex.c.obj
LOAD CMakeFiles/LTDC-800-480.elf.dir/Drivers/STM32H7xx_HAL_Driver/Src/stm32h7xx_ll_fmc.c.obj
LOAD CMakeFiles/LTDC-800-480.elf.dir/User/Face.c.obj
LOAD CMakeFiles/LTDC-800-480.elf.dir/User/USART_TO.c.obj
LOAD CMakeFiles/LTDC-800-480.elf.dir/User/lcd_fonts.c.obj
LOAD CMakeFiles/LTDC-800-480.elf.dir/User/lcd_image.c.obj
LOAD CMakeFiles/LTDC-800-480.elf.dir/User/lcd_rgb.c.obj
LOAD CMakeFiles/LTDC-800-480.elf.dir/User/lcd_test.c.obj
LOAD CMakeFiles/LTDC-800-480.elf.dir/User/sdram.c.obj
START GROUP
LOAD D:/arm-none-eabi/13.3 rel1/bin/../lib/gcc/arm-none-eabi/13.3.1/thumb/v7e-m/nofp\libgcc.a
LOAD D:/arm-none-eabi/13.3 rel1/bin/../lib/gcc/arm-none-eabi/13.3.1/thumb/v7e-m/nofp\libg.a
LOAD D:/arm-none-eabi/13.3 rel1/bin/../lib/gcc/arm-none-eabi/13.3.1/thumb/v7e-m/nofp\libc.a
END GROUP
LOAD D:/arm-none-eabi/13.3 rel1/bin/../lib/gcc/arm-none-eabi/13.3.1/thumb/v7e-m/nofp/crtend.o
LOAD D:/arm-none-eabi/13.3 rel1/bin/../lib/gcc/arm-none-eabi/13.3.1/thumb/v7e-m/nofp/crtn.o
                0x24080000                        _estack = (ORIGIN (RAM_D1) + LENGTH (RAM_D1))
                0x00000200                        _Min_Heap_Size = 0x200
                0x00000400                        _Min_Stack_Size = 0x400

.isr_vector     0x08000000      0x298
                0x08000000                        . = ALIGN (0x4)
 *(.isr_vector)
 .isr_vector    0x08000000      0x298 CMakeFiles/LTDC-800-480.elf.dir/Core/Startup/startup_stm32h743xihx.s.obj
                0x08000000                g_pfnVectors
                0x08000298                        . = ALIGN (0x4)

.text           0x08000298     0x77d4
                0x08000298                        . = ALIGN (0x4)
 *(.text)
 .text          0x08000298      0x21c D:/arm-none-eabi/13.3 rel1/bin/../lib/gcc/arm-none-eabi/13.3.1/thumb/v7e-m/nofp\libgcc.a(_arm_addsubsf3.o)
                0x08000298                __aeabi_frsub
                0x080002a0                __subsf3
                0x080002a0                __aeabi_fsub
                0x080002a4                __aeabi_fadd
                0x080002a4                __addsf3
                0x08000404                __aeabi_ui2f
                0x08000404                __floatunsisf
                0x0800040c                __aeabi_i2f
                0x0800040c                __floatsisf
                0x08000428                __aeabi_ul2f
                0x08000428                __floatundisf
                0x08000438                __aeabi_l2f
                0x08000438                __floatdisf
 .text          0x080004b4      0x2a0 D:/arm-none-eabi/13.3 rel1/bin/../lib/gcc/arm-none-eabi/13.3.1/thumb/v7e-m/nofp\libgcc.a(_arm_muldivsf3.o)
                0x080004b4                __mulsf3
                0x080004b4                __aeabi_fmul
                0x0800061c                __aeabi_fdiv
                0x0800061c                __divsf3
 .text          0x08000754       0x40 D:/arm-none-eabi/13.3 rel1/bin/../lib/gcc/arm-none-eabi/13.3.1/thumb/v7e-m/nofp\libgcc.a(_arm_fixunssfsi.o)
                0x08000754                __fixunssfsi
                0x08000754                __aeabi_f2uiz
 .text          0x08000794       0x30 D:/arm-none-eabi/13.3 rel1/bin/../lib/gcc/arm-none-eabi/13.3.1/thumb/v7e-m/nofp\libgcc.a(_aeabi_uldivmod.o)
                0x08000794                __aeabi_uldivmod
 .text          0x080007c4        0x4 D:/arm-none-eabi/13.3 rel1/bin/../lib/gcc/arm-none-eabi/13.3.1/thumb/v7e-m/nofp\libgcc.a(_dvmd_tls.o)
                0x080007c4                __aeabi_idiv0
                0x080007c4                __aeabi_ldiv0
 *(.text*)
 .text.deregister_tm_clones
                0x080007c8       0x1c D:/arm-none-eabi/13.3 rel1/bin/../lib/gcc/arm-none-eabi/13.3.1/thumb/v7e-m/nofp/crtbegin.o
 .text.register_tm_clones
                0x080007e4       0x24 D:/arm-none-eabi/13.3 rel1/bin/../lib/gcc/arm-none-eabi/13.3.1/thumb/v7e-m/nofp/crtbegin.o
 .text.__do_global_dtors_aux
                0x08000808       0x28 D:/arm-none-eabi/13.3 rel1/bin/../lib/gcc/arm-none-eabi/13.3.1/thumb/v7e-m/nofp/crtbegin.o
 .text.frame_dummy
                0x08000830       0x24 D:/arm-none-eabi/13.3 rel1/bin/../lib/gcc/arm-none-eabi/13.3.1/thumb/v7e-m/nofp/crtbegin.o
 .text.MX_DCMI_Init
                0x08000854       0x38 CMakeFiles/LTDC-800-480.elf.dir/Core/Src/dcmi.c.obj
                0x08000854                MX_DCMI_Init
 .text.HAL_DCMI_MspInit
                0x0800088c       0xd4 CMakeFiles/LTDC-800-480.elf.dir/Core/Src/dcmi.c.obj
                0x0800088c                HAL_DCMI_MspInit
 .text.MX_DMA_Init
                0x08000960       0x48 CMakeFiles/LTDC-800-480.elf.dir/Core/Src/dma.c.obj
                0x08000960                MX_DMA_Init
 .text.MX_DMA2D_Init
                0x080009a8       0x48 CMakeFiles/LTDC-800-480.elf.dir/Core/Src/dma2d.c.obj
                0x080009a8                MX_DMA2D_Init
 .text.HAL_DMA2D_MspInit
                0x080009f0       0x34 CMakeFiles/LTDC-800-480.elf.dir/Core/Src/dma2d.c.obj
                0x080009f0                HAL_DMA2D_MspInit
 .text.HAL_FMC_MspInit
                0x08000a24      0x108 CMakeFiles/LTDC-800-480.elf.dir/Core/Src/fmc.c.obj
 .text.MX_FMC_Init
                0x08000b2c       0x78 CMakeFiles/LTDC-800-480.elf.dir/Core/Src/fmc.c.obj
                0x08000b2c                MX_FMC_Init
 .text.HAL_SDRAM_MspInit
                0x08000ba4        0x8 CMakeFiles/LTDC-800-480.elf.dir/Core/Src/fmc.c.obj
                0x08000ba4                HAL_SDRAM_MspInit
 .text.MX_GPIO_Init
                0x08000bac      0x13c CMakeFiles/LTDC-800-480.elf.dir/Core/Src/gpio.c.obj
                0x08000bac                MX_GPIO_Init
 .text.MPU_Config
                0x08000ce8       0x56 CMakeFiles/LTDC-800-480.elf.dir/Core/Src/main.c.obj
 .text.Error_Handler
                0x08000d3e        0x4 CMakeFiles/LTDC-800-480.elf.dir/Core/Src/main.c.obj
                0x08000d3e                Error_Handler
 *fill*         0x08000d42        0x2 
 .text.SystemClock_Config
                0x08000d44      0x118 CMakeFiles/LTDC-800-480.elf.dir/Core/Src/main.c.obj
                0x08000d44                SystemClock_Config
 .text.main     0x08000e5c       0xd4 CMakeFiles/LTDC-800-480.elf.dir/Core/Src/main.c.obj
                0x08000e5c                main
 .text.MX_QUADSPI_Init
                0x08000f30       0x38 CMakeFiles/LTDC-800-480.elf.dir/Core/Src/quadspi.c.obj
                0x08000f30                MX_QUADSPI_Init
 .text.HAL_QSPI_MspInit
                0x08000f68       0xe8 CMakeFiles/LTDC-800-480.elf.dir/Core/Src/quadspi.c.obj
                0x08000f68                HAL_QSPI_MspInit
 .text.MX_RTC_Init
                0x08001050       0x34 CMakeFiles/LTDC-800-480.elf.dir/Core/Src/rtc.c.obj
                0x08001050                MX_RTC_Init
 .text.HAL_RTC_MspInit
                0x08001084       0x50 CMakeFiles/LTDC-800-480.elf.dir/Core/Src/rtc.c.obj
                0x08001084                HAL_RTC_MspInit
 .text.HAL_MspInit
                0x080010d4       0x24 CMakeFiles/LTDC-800-480.elf.dir/Core/Src/stm32h7xx_hal_msp.c.obj
                0x080010d4                HAL_MspInit
 .text.NMI_Handler
                0x080010f8        0x2 CMakeFiles/LTDC-800-480.elf.dir/Core/Src/stm32h7xx_it.c.obj
                0x080010f8                NMI_Handler
 .text.HardFault_Handler
                0x080010fa        0x2 CMakeFiles/LTDC-800-480.elf.dir/Core/Src/stm32h7xx_it.c.obj
                0x080010fa                HardFault_Handler
 .text.MemManage_Handler
                0x080010fc        0x2 CMakeFiles/LTDC-800-480.elf.dir/Core/Src/stm32h7xx_it.c.obj
                0x080010fc                MemManage_Handler
 .text.BusFault_Handler
                0x080010fe        0x2 CMakeFiles/LTDC-800-480.elf.dir/Core/Src/stm32h7xx_it.c.obj
                0x080010fe                BusFault_Handler
 .text.UsageFault_Handler
                0x08001100        0x2 CMakeFiles/LTDC-800-480.elf.dir/Core/Src/stm32h7xx_it.c.obj
                0x08001100                UsageFault_Handler
 .text.SVC_Handler
                0x08001102        0x2 CMakeFiles/LTDC-800-480.elf.dir/Core/Src/stm32h7xx_it.c.obj
                0x08001102                SVC_Handler
 .text.DebugMon_Handler
                0x08001104        0x2 CMakeFiles/LTDC-800-480.elf.dir/Core/Src/stm32h7xx_it.c.obj
                0x08001104                DebugMon_Handler
 .text.PendSV_Handler
                0x08001106        0x2 CMakeFiles/LTDC-800-480.elf.dir/Core/Src/stm32h7xx_it.c.obj
                0x08001106                PendSV_Handler
 .text.SysTick_Handler
                0x08001108        0x8 CMakeFiles/LTDC-800-480.elf.dir/Core/Src/stm32h7xx_it.c.obj
                0x08001108                SysTick_Handler
 .text.DMA1_Stream0_IRQHandler
                0x08001110       0x10 CMakeFiles/LTDC-800-480.elf.dir/Core/Src/stm32h7xx_it.c.obj
                0x08001110                DMA1_Stream0_IRQHandler
 .text.DMA1_Stream1_IRQHandler
                0x08001120       0x10 CMakeFiles/LTDC-800-480.elf.dir/Core/Src/stm32h7xx_it.c.obj
                0x08001120                DMA1_Stream1_IRQHandler
 .text.USART1_IRQHandler
                0x08001130       0x10 CMakeFiles/LTDC-800-480.elf.dir/Core/Src/stm32h7xx_it.c.obj
                0x08001130                USART1_IRQHandler
 .text.SystemInit
                0x08001140       0xb8 CMakeFiles/LTDC-800-480.elf.dir/Core/Src/system_stm32h7xx.c.obj
                0x08001140                SystemInit
 .text.MX_USART1_UART_Init
                0x080011f8       0x6c CMakeFiles/LTDC-800-480.elf.dir/Core/Src/usart.c.obj
                0x080011f8                MX_USART1_UART_Init
 .text.HAL_UART_MspInit
                0x08001264      0x12c CMakeFiles/LTDC-800-480.elf.dir/Core/Src/usart.c.obj
                0x08001264                HAL_UART_MspInit
 .text.Reset_Handler
                0x08001390       0x50 CMakeFiles/LTDC-800-480.elf.dir/Core/Startup/startup_stm32h743xihx.s.obj
                0x08001390                Reset_Handler
 .text.Default_Handler
                0x080013e0        0x2 CMakeFiles/LTDC-800-480.elf.dir/Core/Startup/startup_stm32h743xihx.s.obj
                0x080013e0                RTC_Alarm_IRQHandler
                0x080013e0                EXTI2_IRQHandler
                0x080013e0                TIM8_CC_IRQHandler
                0x080013e0                HRTIM1_Master_IRQHandler
                0x080013e0                UART8_IRQHandler
                0x080013e0                SPI4_IRQHandler
                0x080013e0                TIM1_CC_IRQHandler
                0x080013e0                BDMA_Channel6_IRQHandler
                0x080013e0                DMA2_Stream5_IRQHandler
                0x080013e0                HRTIM1_FLT_IRQHandler
                0x080013e0                JPEG_IRQHandler
                0x080013e0                DMA1_Stream5_IRQHandler
                0x080013e0                BDMA_Channel1_IRQHandler
                0x080013e0                HRTIM1_TIMD_IRQHandler
                0x080013e0                TAMP_STAMP_IRQHandler
                0x080013e0                EXTI3_IRQHandler
                0x080013e0                LPTIM4_IRQHandler
                0x080013e0                TIM8_TRG_COM_TIM14_IRQHandler
                0x080013e0                LPTIM2_IRQHandler
                0x080013e0                DFSDM1_FLT1_IRQHandler
                0x080013e0                DMAMUX2_OVR_IRQHandler
                0x080013e0                TIM8_UP_TIM13_IRQHandler
                0x080013e0                I2C3_ER_IRQHandler
                0x080013e0                DFSDM1_FLT2_IRQHandler
                0x080013e0                MDMA_IRQHandler
                0x080013e0                LPTIM3_IRQHandler
                0x080013e0                HSEM1_IRQHandler
                0x080013e0                EXTI0_IRQHandler
                0x080013e0                I2C2_EV_IRQHandler
                0x080013e0                DMA1_Stream2_IRQHandler
                0x080013e0                FPU_IRQHandler
                0x080013e0                OTG_HS_WKUP_IRQHandler
                0x080013e0                FDCAN1_IT1_IRQHandler
                0x080013e0                LTDC_ER_IRQHandler
                0x080013e0                DMA2_Stream2_IRQHandler
                0x080013e0                HRTIM1_TIME_IRQHandler
                0x080013e0                SPI1_IRQHandler
                0x080013e0                TIM6_DAC_IRQHandler
                0x080013e0                DCMI_IRQHandler
                0x080013e0                HRTIM1_TIMC_IRQHandler
                0x080013e0                DMA2_Stream3_IRQHandler
                0x080013e0                SAI2_IRQHandler
                0x080013e0                DFSDM1_FLT3_IRQHandler
                0x080013e0                USART6_IRQHandler
                0x080013e0                TIM17_IRQHandler
                0x080013e0                USART3_IRQHandler
                0x080013e0                BDMA_Channel7_IRQHandler
                0x080013e0                LPTIM5_IRQHandler
                0x080013e0                UART5_IRQHandler
                0x080013e0                ADC3_IRQHandler
                0x080013e0                DMA2_Stream0_IRQHandler
                0x080013e0                TIM4_IRQHandler
                0x080013e0                BDMA_Channel2_IRQHandler
                0x080013e0                QUADSPI_IRQHandler
                0x080013e0                I2C1_EV_IRQHandler
                0x080013e0                DMA1_Stream6_IRQHandler
                0x080013e0                DMAMUX1_OVR_IRQHandler
                0x080013e0                TIM16_IRQHandler
                0x080013e0                UART4_IRQHandler
                0x080013e0                BDMA_Channel5_IRQHandler
                0x080013e0                TIM3_IRQHandler
                0x080013e0                RCC_IRQHandler
                0x080013e0                TIM8_BRK_TIM12_IRQHandler
                0x080013e0                TIM1_TRG_COM_IRQHandler
                0x080013e0                Default_Handler
                0x080013e0                ECC_IRQHandler
                0x080013e0                CEC_IRQHandler
                0x080013e0                EXTI15_10_IRQHandler
                0x080013e0                BDMA_Channel0_IRQHandler
                0x080013e0                ADC_IRQHandler
                0x080013e0                DMA1_Stream7_IRQHandler
                0x080013e0                HRTIM1_TIMA_IRQHandler
                0x080013e0                SPI5_IRQHandler
                0x080013e0                TIM7_IRQHandler
                0x080013e0                SDMMC1_IRQHandler
                0x080013e0                TIM5_IRQHandler
                0x080013e0                DMA2_Stream7_IRQHandler
                0x080013e0                TIM15_IRQHandler
                0x080013e0                PVD_AVD_IRQHandler
                0x080013e0                I2C3_EV_IRQHandler
                0x080013e0                EXTI9_5_IRQHandler
                0x080013e0                RTC_WKUP_IRQHandler
                0x080013e0                LTDC_IRQHandler
                0x080013e0                SAI3_IRQHandler
                0x080013e0                ETH_WKUP_IRQHandler
                0x080013e0                SPDIF_RX_IRQHandler
                0x080013e0                SPI2_IRQHandler
                0x080013e0                OTG_HS_EP1_IN_IRQHandler
                0x080013e0                CRS_IRQHandler
                0x080013e0                EXTI4_IRQHandler
                0x080013e0                RNG_IRQHandler
                0x080013e0                HRTIM1_TIMB_IRQHandler
                0x080013e0                FDCAN2_IT1_IRQHandler
                0x080013e0                ETH_IRQHandler
                0x080013e0                TIM1_UP_IRQHandler
                0x080013e0                BDMA_Channel4_IRQHandler
                0x080013e0                OTG_HS_EP1_OUT_IRQHandler
                0x080013e0                WWDG_IRQHandler
                0x080013e0                SPI6_IRQHandler
                0x080013e0                MDIOS_IRQHandler
                0x080013e0                I2C4_EV_IRQHandler
                0x080013e0                FDCAN2_IT0_IRQHandler
                0x080013e0                LPUART1_IRQHandler
                0x080013e0                FDCAN1_IT0_IRQHandler
                0x080013e0                TIM2_IRQHandler
                0x080013e0                OTG_FS_WKUP_IRQHandler
                0x080013e0                OTG_HS_IRQHandler
                0x080013e0                DMA2D_IRQHandler
                0x080013e0                TIM1_BRK_IRQHandler
                0x080013e0                EXTI1_IRQHandler
                0x080013e0                SDMMC2_IRQHandler
                0x080013e0                OTG_FS_EP1_OUT_IRQHandler
                0x080013e0                BDMA_Channel3_IRQHandler
                0x080013e0                UART7_IRQHandler
                0x080013e0                MDIOS_WKUP_IRQHandler
                0x080013e0                USART2_IRQHandler
                0x080013e0                DFSDM1_FLT0_IRQHandler
                0x080013e0                SAI4_IRQHandler
                0x080013e0                I2C2_ER_IRQHandler
                0x080013e0                DMA2_Stream1_IRQHandler
                0x080013e0                FLASH_IRQHandler
                0x080013e0                DMA2_Stream4_IRQHandler
                0x080013e0                OTG_FS_IRQHandler
                0x080013e0                SPI3_IRQHandler
                0x080013e0                WAKEUP_PIN_IRQHandler
                0x080013e0                DMA1_Stream4_IRQHandler
                0x080013e0                OTG_FS_EP1_IN_IRQHandler
                0x080013e0                I2C1_ER_IRQHandler
                0x080013e0                FMC_IRQHandler
                0x080013e0                FDCAN_CAL_IRQHandler
                0x080013e0                SWPMI1_IRQHandler
                0x080013e0                COMP1_IRQHandler
                0x080013e0                LPTIM1_IRQHandler
                0x080013e0                I2C4_ER_IRQHandler
                0x080013e0                DMA2_Stream6_IRQHandler
                0x080013e0                SAI1_IRQHandler
                0x080013e0                DMA1_Stream3_IRQHandler
 *fill*         0x080013e2        0x2 
 .text.HAL_InitTick
                0x080013e4       0x50 CMakeFiles/LTDC-800-480.elf.dir/Drivers/STM32H7xx_HAL_Driver/Src/stm32h7xx_hal.c.obj
                0x080013e4                HAL_InitTick
 .text.HAL_Init
                0x08001434       0x5c CMakeFiles/LTDC-800-480.elf.dir/Drivers/STM32H7xx_HAL_Driver/Src/stm32h7xx_hal.c.obj
                0x08001434                HAL_Init
 .text.HAL_IncTick
                0x08001490       0x18 CMakeFiles/LTDC-800-480.elf.dir/Drivers/STM32H7xx_HAL_Driver/Src/stm32h7xx_hal.c.obj
                0x08001490                HAL_IncTick
 .text.HAL_GetTick
                0x080014a8        0xc CMakeFiles/LTDC-800-480.elf.dir/Drivers/STM32H7xx_HAL_Driver/Src/stm32h7xx_hal.c.obj
                0x080014a8                HAL_GetTick
 .text.HAL_Delay
                0x080014b4       0x28 CMakeFiles/LTDC-800-480.elf.dir/Drivers/STM32H7xx_HAL_Driver/Src/stm32h7xx_hal.c.obj
                0x080014b4                HAL_Delay
 .text.HAL_GetREVID
                0x080014dc        0xc CMakeFiles/LTDC-800-480.elf.dir/Drivers/STM32H7xx_HAL_Driver/Src/stm32h7xx_hal.c.obj
                0x080014dc                HAL_GetREVID
 .text.__NVIC_EnableIRQ
                0x080014e8       0x1c CMakeFiles/LTDC-800-480.elf.dir/Drivers/STM32H7xx_HAL_Driver/Src/stm32h7xx_hal_cortex.c.obj
 .text.__NVIC_SetPriority
                0x08001504       0x24 CMakeFiles/LTDC-800-480.elf.dir/Drivers/STM32H7xx_HAL_Driver/Src/stm32h7xx_hal_cortex.c.obj
 .text.NVIC_EncodePriority
                0x08001528       0x3e CMakeFiles/LTDC-800-480.elf.dir/Drivers/STM32H7xx_HAL_Driver/Src/stm32h7xx_hal_cortex.c.obj
 *fill*         0x08001566        0x2 
 .text.HAL_NVIC_SetPriorityGrouping
                0x08001568       0x24 CMakeFiles/LTDC-800-480.elf.dir/Drivers/STM32H7xx_HAL_Driver/Src/stm32h7xx_hal_cortex.c.obj
                0x08001568                HAL_NVIC_SetPriorityGrouping
 .text.HAL_NVIC_SetPriority
                0x0800158c       0x20 CMakeFiles/LTDC-800-480.elf.dir/Drivers/STM32H7xx_HAL_Driver/Src/stm32h7xx_hal_cortex.c.obj
                0x0800158c                HAL_NVIC_SetPriority
 .text.HAL_NVIC_EnableIRQ
                0x080015ac        0x8 CMakeFiles/LTDC-800-480.elf.dir/Drivers/STM32H7xx_HAL_Driver/Src/stm32h7xx_hal_cortex.c.obj
                0x080015ac                HAL_NVIC_EnableIRQ
 .text.HAL_SYSTICK_Config
                0x080015b4       0x28 CMakeFiles/LTDC-800-480.elf.dir/Drivers/STM32H7xx_HAL_Driver/Src/stm32h7xx_hal_cortex.c.obj
                0x080015b4                HAL_SYSTICK_Config
 .text.HAL_MPU_Disable
                0x080015dc       0x1c CMakeFiles/LTDC-800-480.elf.dir/Drivers/STM32H7xx_HAL_Driver/Src/stm32h7xx_hal_cortex.c.obj
                0x080015dc                HAL_MPU_Disable
 .text.HAL_MPU_Enable
                0x080015f8       0x20 CMakeFiles/LTDC-800-480.elf.dir/Drivers/STM32H7xx_HAL_Driver/Src/stm32h7xx_hal_cortex.c.obj
                0x080015f8                HAL_MPU_Enable
 .text.HAL_MPU_ConfigRegion
                0x08001618       0x58 CMakeFiles/LTDC-800-480.elf.dir/Drivers/STM32H7xx_HAL_Driver/Src/stm32h7xx_hal_cortex.c.obj
                0x08001618                HAL_MPU_ConfigRegion
 .text.HAL_DCMI_Init
                0x08001670       0xa0 CMakeFiles/LTDC-800-480.elf.dir/Drivers/STM32H7xx_HAL_Driver/Src/stm32h7xx_hal_dcmi.c.obj
                0x08001670                HAL_DCMI_Init
 .text.DMA_SetConfig
                0x08001710      0x1b4 CMakeFiles/LTDC-800-480.elf.dir/Drivers/STM32H7xx_HAL_Driver/Src/stm32h7xx_hal_dma.c.obj
 .text.DMA_CalcBaseAndBitshift
                0x080018c4       0xb0 CMakeFiles/LTDC-800-480.elf.dir/Drivers/STM32H7xx_HAL_Driver/Src/stm32h7xx_hal_dma.c.obj
 .text.DMA_CheckFifoParam
                0x08001974       0x92 CMakeFiles/LTDC-800-480.elf.dir/Drivers/STM32H7xx_HAL_Driver/Src/stm32h7xx_hal_dma.c.obj
 *fill*         0x08001a06        0x2 
 .text.DMA_CalcDMAMUXChannelBaseAndMask
                0x08001a08       0xac CMakeFiles/LTDC-800-480.elf.dir/Drivers/STM32H7xx_HAL_Driver/Src/stm32h7xx_hal_dma.c.obj
 .text.DMA_CalcDMAMUXRequestGenBaseAndMask
                0x08001ab4       0x7c CMakeFiles/LTDC-800-480.elf.dir/Drivers/STM32H7xx_HAL_Driver/Src/stm32h7xx_hal_dma.c.obj
 .text.HAL_DMA_Init
                0x08001b30      0x3a4 CMakeFiles/LTDC-800-480.elf.dir/Drivers/STM32H7xx_HAL_Driver/Src/stm32h7xx_hal_dma.c.obj
                0x08001b30                HAL_DMA_Init
 .text.HAL_DMA_Start_IT
                0x08001ed4      0x298 CMakeFiles/LTDC-800-480.elf.dir/Drivers/STM32H7xx_HAL_Driver/Src/stm32h7xx_hal_dma.c.obj
                0x08001ed4                HAL_DMA_Start_IT
 .text.HAL_DMA_Abort
                0x0800216c      0x340 CMakeFiles/LTDC-800-480.elf.dir/Drivers/STM32H7xx_HAL_Driver/Src/stm32h7xx_hal_dma.c.obj
                0x0800216c                HAL_DMA_Abort
 .text.HAL_DMA_Abort_IT
                0x080024ac      0x270 CMakeFiles/LTDC-800-480.elf.dir/Drivers/STM32H7xx_HAL_Driver/Src/stm32h7xx_hal_dma.c.obj
                0x080024ac                HAL_DMA_Abort_IT
 .text.HAL_DMA_IRQHandler
                0x0800271c      0x738 CMakeFiles/LTDC-800-480.elf.dir/Drivers/STM32H7xx_HAL_Driver/Src/stm32h7xx_hal_dma.c.obj
                0x0800271c                HAL_DMA_IRQHandler
 .text.HAL_DMA2D_Init
                0x08002e54       0x80 CMakeFiles/LTDC-800-480.elf.dir/Drivers/STM32H7xx_HAL_Driver/Src/stm32h7xx_hal_dma2d.c.obj
                0x08002e54                HAL_DMA2D_Init
 .text.HAL_DMA2D_ConfigLayer
                0x08002ed4      0x104 CMakeFiles/LTDC-800-480.elf.dir/Drivers/STM32H7xx_HAL_Driver/Src/stm32h7xx_hal_dma2d.c.obj
                0x08002ed4                HAL_DMA2D_ConfigLayer
 .text.HAL_GPIO_Init
                0x08002fd8      0x228 CMakeFiles/LTDC-800-480.elf.dir/Drivers/STM32H7xx_HAL_Driver/Src/stm32h7xx_hal_gpio.c.obj
                0x08002fd8                HAL_GPIO_Init
 .text.HAL_GPIO_ReadPin
                0x08003200        0xe CMakeFiles/LTDC-800-480.elf.dir/Drivers/STM32H7xx_HAL_Driver/Src/stm32h7xx_hal_gpio.c.obj
                0x08003200                HAL_GPIO_ReadPin
 .text.HAL_GPIO_WritePin
                0x0800320e        0xc CMakeFiles/LTDC-800-480.elf.dir/Drivers/STM32H7xx_HAL_Driver/Src/stm32h7xx_hal_gpio.c.obj
                0x0800320e                HAL_GPIO_WritePin
 *fill*         0x0800321a        0x2 
 .text.LTDC_SetConfig
                0x0800321c      0x1a8 CMakeFiles/LTDC-800-480.elf.dir/Drivers/STM32H7xx_HAL_Driver/Src/stm32h7xx_hal_ltdc.c.obj
 .text.HAL_LTDC_Init
                0x080033c4       0xf8 CMakeFiles/LTDC-800-480.elf.dir/Drivers/STM32H7xx_HAL_Driver/Src/stm32h7xx_hal_ltdc.c.obj
                0x080033c4                HAL_LTDC_Init
 .text.HAL_LTDC_ConfigLayer
                0x080034bc       0x68 CMakeFiles/LTDC-800-480.elf.dir/Drivers/STM32H7xx_HAL_Driver/Src/stm32h7xx_hal_ltdc.c.obj
                0x080034bc                HAL_LTDC_ConfigLayer
 .text.HAL_PWREx_ConfigSupply
                0x08003524       0x54 CMakeFiles/LTDC-800-480.elf.dir/Drivers/STM32H7xx_HAL_Driver/Src/stm32h7xx_hal_pwr_ex.c.obj
                0x08003524                HAL_PWREx_ConfigSupply
 .text.QSPI_WaitFlagStateUntilTimeout
                0x08003578       0x54 CMakeFiles/LTDC-800-480.elf.dir/Drivers/STM32H7xx_HAL_Driver/Src/stm32h7xx_hal_qspi.c.obj
 .text.HAL_QSPI_SetTimeout
                0x080035cc        0x4 CMakeFiles/LTDC-800-480.elf.dir/Drivers/STM32H7xx_HAL_Driver/Src/stm32h7xx_hal_qspi.c.obj
                0x080035cc                HAL_QSPI_SetTimeout
 .text.HAL_QSPI_Init
                0x080035d0       0xa8 CMakeFiles/LTDC-800-480.elf.dir/Drivers/STM32H7xx_HAL_Driver/Src/stm32h7xx_hal_qspi.c.obj
                0x080035d0                HAL_QSPI_Init
 .text.HAL_RCC_OscConfig
                0x08003678      0x6b0 CMakeFiles/LTDC-800-480.elf.dir/Drivers/STM32H7xx_HAL_Driver/Src/stm32h7xx_hal_rcc.c.obj
                0x08003678                HAL_RCC_OscConfig
 .text.HAL_RCC_GetSysClockFreq
                0x08003d28      0x224 CMakeFiles/LTDC-800-480.elf.dir/Drivers/STM32H7xx_HAL_Driver/Src/stm32h7xx_hal_rcc.c.obj
                0x08003d28                HAL_RCC_GetSysClockFreq
 .text.HAL_RCC_ClockConfig
                0x08003f4c      0x294 CMakeFiles/LTDC-800-480.elf.dir/Drivers/STM32H7xx_HAL_Driver/Src/stm32h7xx_hal_rcc.c.obj
                0x08003f4c                HAL_RCC_ClockConfig
 .text.HAL_RCC_GetHCLKFreq
                0x080041e0       0x44 CMakeFiles/LTDC-800-480.elf.dir/Drivers/STM32H7xx_HAL_Driver/Src/stm32h7xx_hal_rcc.c.obj
                0x080041e0                HAL_RCC_GetHCLKFreq
 .text.HAL_RCC_GetPCLK1Freq
                0x08004224       0x24 CMakeFiles/LTDC-800-480.elf.dir/Drivers/STM32H7xx_HAL_Driver/Src/stm32h7xx_hal_rcc.c.obj
                0x08004224                HAL_RCC_GetPCLK1Freq
 .text.HAL_RCC_GetPCLK2Freq
                0x08004248       0x24 CMakeFiles/LTDC-800-480.elf.dir/Drivers/STM32H7xx_HAL_Driver/Src/stm32h7xx_hal_rcc.c.obj
                0x08004248                HAL_RCC_GetPCLK2Freq
 .text.RCCEx_PLL2_Config
                0x0800426c      0x108 CMakeFiles/LTDC-800-480.elf.dir/Drivers/STM32H7xx_HAL_Driver/Src/stm32h7xx_hal_rcc_ex.c.obj
 .text.RCCEx_PLL3_Config
                0x08004374      0x108 CMakeFiles/LTDC-800-480.elf.dir/Drivers/STM32H7xx_HAL_Driver/Src/stm32h7xx_hal_rcc_ex.c.obj
 .text.HAL_RCCEx_PeriphCLKConfig
                0x0800447c      0xaac CMakeFiles/LTDC-800-480.elf.dir/Drivers/STM32H7xx_HAL_Driver/Src/stm32h7xx_hal_rcc_ex.c.obj
                0x0800447c                HAL_RCCEx_PeriphCLKConfig
 .text.HAL_RCCEx_GetD3PCLK1Freq
                0x08004f28       0x24 CMakeFiles/LTDC-800-480.elf.dir/Drivers/STM32H7xx_HAL_Driver/Src/stm32h7xx_hal_rcc_ex.c.obj
                0x08004f28                HAL_RCCEx_GetD3PCLK1Freq
 .text.HAL_RCCEx_GetPLL2ClockFreq
                0x08004f4c      0x238 CMakeFiles/LTDC-800-480.elf.dir/Drivers/STM32H7xx_HAL_Driver/Src/stm32h7xx_hal_rcc_ex.c.obj
                0x08004f4c                HAL_RCCEx_GetPLL2ClockFreq
 .text.HAL_RCCEx_GetPLL3ClockFreq
                0x08005184      0x238 CMakeFiles/LTDC-800-480.elf.dir/Drivers/STM32H7xx_HAL_Driver/Src/stm32h7xx_hal_rcc_ex.c.obj
                0x08005184                HAL_RCCEx_GetPLL3ClockFreq
 .text.HAL_RTC_WaitForSynchro
                0x080053bc       0x34 CMakeFiles/LTDC-800-480.elf.dir/Drivers/STM32H7xx_HAL_Driver/Src/stm32h7xx_hal_rtc.c.obj
                0x080053bc                HAL_RTC_WaitForSynchro
 .text.RTC_EnterInitMode
                0x080053f0       0x44 CMakeFiles/LTDC-800-480.elf.dir/Drivers/STM32H7xx_HAL_Driver/Src/stm32h7xx_hal_rtc.c.obj
                0x080053f0                RTC_EnterInitMode
 .text.RTC_ExitInitMode
                0x08005434       0x4c CMakeFiles/LTDC-800-480.elf.dir/Drivers/STM32H7xx_HAL_Driver/Src/stm32h7xx_hal_rtc.c.obj
                0x08005434                RTC_ExitInitMode
 .text.HAL_RTC_Init
                0x08005480       0xa4 CMakeFiles/LTDC-800-480.elf.dir/Drivers/STM32H7xx_HAL_Driver/Src/stm32h7xx_hal_rtc.c.obj
                0x08005480                HAL_RTC_Init
 .text.HAL_SDRAM_Init
                0x08005524       0x50 CMakeFiles/LTDC-800-480.elf.dir/Drivers/STM32H7xx_HAL_Driver/Src/stm32h7xx_hal_sdram.c.obj
                0x08005524                HAL_SDRAM_Init
 .text.HAL_SDRAM_SendCommand
                0x08005574       0x42 CMakeFiles/LTDC-800-480.elf.dir/Drivers/STM32H7xx_HAL_Driver/Src/stm32h7xx_hal_sdram.c.obj
                0x08005574                HAL_SDRAM_SendCommand
 .text.HAL_SDRAM_ProgramRefreshRate
                0x080055b6       0x32 CMakeFiles/LTDC-800-480.elf.dir/Drivers/STM32H7xx_HAL_Driver/Src/stm32h7xx_hal_sdram.c.obj
                0x080055b6                HAL_SDRAM_ProgramRefreshRate
 .text.UART_EndTxTransfer
                0x080055e8       0x32 CMakeFiles/LTDC-800-480.elf.dir/Drivers/STM32H7xx_HAL_Driver/Src/stm32h7xx_hal_uart.c.obj
 *fill*         0x0800561a        0x2 
 .text.UART_EndRxTransfer
                0x0800561c       0x58 CMakeFiles/LTDC-800-480.elf.dir/Drivers/STM32H7xx_HAL_Driver/Src/stm32h7xx_hal_uart.c.obj
 .text.HAL_UART_TxCpltCallback
                0x08005674        0x2 CMakeFiles/LTDC-800-480.elf.dir/Drivers/STM32H7xx_HAL_Driver/Src/stm32h7xx_hal_uart.c.obj
                0x08005674                HAL_UART_TxCpltCallback
 .text.UART_EndTransmit_IT
                0x08005676       0x24 CMakeFiles/LTDC-800-480.elf.dir/Drivers/STM32H7xx_HAL_Driver/Src/stm32h7xx_hal_uart.c.obj
 .text.HAL_UART_RxCpltCallback
                0x0800569a        0x2 CMakeFiles/LTDC-800-480.elf.dir/Drivers/STM32H7xx_HAL_Driver/Src/stm32h7xx_hal_uart.c.obj
                0x0800569a                HAL_UART_RxCpltCallback
 .text.HAL_UART_RxHalfCpltCallback
                0x0800569c        0x2 CMakeFiles/LTDC-800-480.elf.dir/Drivers/STM32H7xx_HAL_Driver/Src/stm32h7xx_hal_uart.c.obj
                0x0800569c                HAL_UART_RxHalfCpltCallback
 .text.UART_DMAError
                0x0800569e       0x58 CMakeFiles/LTDC-800-480.elf.dir/Drivers/STM32H7xx_HAL_Driver/Src/stm32h7xx_hal_uart.c.obj
 .text.UART_DMAAbortOnError
                0x080056f6       0x14 CMakeFiles/LTDC-800-480.elf.dir/Drivers/STM32H7xx_HAL_Driver/Src/stm32h7xx_hal_uart.c.obj
 *fill*         0x0800570a        0x2 
 .text.HAL_UART_IRQHandler
                0x0800570c      0x3b4 CMakeFiles/LTDC-800-480.elf.dir/Drivers/STM32H7xx_HAL_Driver/Src/stm32h7xx_hal_uart.c.obj
                0x0800570c                HAL_UART_IRQHandler
 .text.UART_DMARxHalfCplt
                0x08005ac0       0x20 CMakeFiles/LTDC-800-480.elf.dir/Drivers/STM32H7xx_HAL_Driver/Src/stm32h7xx_hal_uart.c.obj
 .text.UART_DMAReceiveCplt
                0x08005ae0       0x90 CMakeFiles/LTDC-800-480.elf.dir/Drivers/STM32H7xx_HAL_Driver/Src/stm32h7xx_hal_uart.c.obj
 .text.UART_SetConfig
                0x08005b70      0x5fc CMakeFiles/LTDC-800-480.elf.dir/Drivers/STM32H7xx_HAL_Driver/Src/stm32h7xx_hal_uart.c.obj
                0x08005b70                UART_SetConfig
 .text.UART_AdvFeatureConfig
                0x0800616c       0xca CMakeFiles/LTDC-800-480.elf.dir/Drivers/STM32H7xx_HAL_Driver/Src/stm32h7xx_hal_uart.c.obj
                0x0800616c                UART_AdvFeatureConfig
 .text.UART_WaitOnFlagUntilTimeout
                0x08006236       0xa6 CMakeFiles/LTDC-800-480.elf.dir/Drivers/STM32H7xx_HAL_Driver/Src/stm32h7xx_hal_uart.c.obj
                0x08006236                UART_WaitOnFlagUntilTimeout
 .text.UART_CheckIdleState
                0x080062dc       0xca CMakeFiles/LTDC-800-480.elf.dir/Drivers/STM32H7xx_HAL_Driver/Src/stm32h7xx_hal_uart.c.obj
                0x080062dc                UART_CheckIdleState
 .text.HAL_UART_Init
                0x080063a6       0x66 CMakeFiles/LTDC-800-480.elf.dir/Drivers/STM32H7xx_HAL_Driver/Src/stm32h7xx_hal_uart.c.obj
                0x080063a6                HAL_UART_Init
 .text.UART_Start_Receive_DMA
                0x0800640c       0xb0 CMakeFiles/LTDC-800-480.elf.dir/Drivers/STM32H7xx_HAL_Driver/Src/stm32h7xx_hal_uart.c.obj
                0x0800640c                UART_Start_Receive_DMA
 .text.UARTEx_SetNbDataToProcess
                0x080064bc       0x4c CMakeFiles/LTDC-800-480.elf.dir/Drivers/STM32H7xx_HAL_Driver/Src/stm32h7xx_hal_uart_ex.c.obj
 .text.HAL_UARTEx_WakeupCallback
                0x08006508        0x2 CMakeFiles/LTDC-800-480.elf.dir/Drivers/STM32H7xx_HAL_Driver/Src/stm32h7xx_hal_uart_ex.c.obj
                0x08006508                HAL_UARTEx_WakeupCallback
 .text.HAL_UARTEx_RxFifoFullCallback
                0x0800650a        0x2 CMakeFiles/LTDC-800-480.elf.dir/Drivers/STM32H7xx_HAL_Driver/Src/stm32h7xx_hal_uart_ex.c.obj
                0x0800650a                HAL_UARTEx_RxFifoFullCallback
 .text.HAL_UARTEx_TxFifoEmptyCallback
                0x0800650c        0x2 CMakeFiles/LTDC-800-480.elf.dir/Drivers/STM32H7xx_HAL_Driver/Src/stm32h7xx_hal_uart_ex.c.obj
                0x0800650c                HAL_UARTEx_TxFifoEmptyCallback
 .text.HAL_UARTEx_DisableFifoMode
                0x0800650e       0x3e CMakeFiles/LTDC-800-480.elf.dir/Drivers/STM32H7xx_HAL_Driver/Src/stm32h7xx_hal_uart_ex.c.obj
                0x0800650e                HAL_UARTEx_DisableFifoMode
 .text.HAL_UARTEx_SetTxFifoThreshold
                0x0800654c       0x4a CMakeFiles/LTDC-800-480.elf.dir/Drivers/STM32H7xx_HAL_Driver/Src/stm32h7xx_hal_uart_ex.c.obj
                0x0800654c                HAL_UARTEx_SetTxFifoThreshold
 .text.HAL_UARTEx_SetRxFifoThreshold
                0x08006596       0x4a CMakeFiles/LTDC-800-480.elf.dir/Drivers/STM32H7xx_HAL_Driver/Src/stm32h7xx_hal_uart_ex.c.obj
                0x08006596                HAL_UARTEx_SetRxFifoThreshold
 .text.HAL_UARTEx_ReceiveToIdle_DMA
                0x080065e0       0x50 CMakeFiles/LTDC-800-480.elf.dir/Drivers/STM32H7xx_HAL_Driver/Src/stm32h7xx_hal_uart_ex.c.obj
                0x080065e0                HAL_UARTEx_ReceiveToIdle_DMA
 .text.FMC_SDRAM_Init
                0x08006630       0x6e CMakeFiles/LTDC-800-480.elf.dir/Drivers/STM32H7xx_HAL_Driver/Src/stm32h7xx_ll_fmc.c.obj
                0x08006630                FMC_SDRAM_Init
 *fill*         0x0800669e        0x2 
 .text.FMC_SDRAM_Timing_Init
                0x080066a0       0xb4 CMakeFiles/LTDC-800-480.elf.dir/Drivers/STM32H7xx_HAL_Driver/Src/stm32h7xx_ll_fmc.c.obj
                0x080066a0                FMC_SDRAM_Timing_Init
 .text.FMC_SDRAM_SendCommand
                0x08006754       0x28 CMakeFiles/LTDC-800-480.elf.dir/Drivers/STM32H7xx_HAL_Driver/Src/stm32h7xx_ll_fmc.c.obj
                0x08006754                FMC_SDRAM_SendCommand
 .text.FMC_SDRAM_ProgramRefreshRate
                0x0800677c       0x10 CMakeFiles/LTDC-800-480.elf.dir/Drivers/STM32H7xx_HAL_Driver/Src/stm32h7xx_ll_fmc.c.obj
                0x0800677c                FMC_SDRAM_ProgramRefreshRate
 .text.Normal_Face
                0x0800678c       0x2a CMakeFiles/LTDC-800-480.elf.dir/User/Face.c.obj
                0x0800678c                Normal_Face
 .text.Rest_Face
                0x080067b6       0x2e CMakeFiles/LTDC-800-480.elf.dir/User/Face.c.obj
                0x080067b6                Rest_Face
 .text.Normal   0x080067e4       0x88 CMakeFiles/LTDC-800-480.elf.dir/User/Face.c.obj
                0x080067e4                Normal
 .text.USART1_Init
                0x0800686c       0x9c CMakeFiles/LTDC-800-480.elf.dir/User/USART_TO.c.obj
                0x0800686c                USART1_Init
 .text.HAL_UARTEx_RxEventCallback
                0x08006908        0x2 CMakeFiles/LTDC-800-480.elf.dir/User/USART_TO.c.obj
                0x08006908                HAL_UARTEx_RxEventCallback
 *fill*         0x0800690a        0x2 
 .text.HAL_UART_ErrorCallback
                0x0800690c       0xa4 CMakeFiles/LTDC-800-480.elf.dir/User/USART_TO.c.obj
                0x0800690c                HAL_UART_ErrorCallback
 .text.SystemClock_Config_f
                0x080069b0      0x168 CMakeFiles/LTDC-800-480.elf.dir/User/lcd_rgb.c.obj
                0x080069b0                SystemClock_Config_f
 .text.LCD_PanelModify
                0x08006b18       0xb4 CMakeFiles/LTDC-800-480.elf.dir/User/lcd_rgb.c.obj
                0x08006b18                LCD_PanelModify
 .text.HAL_LTDC_MspInit
                0x08006bcc      0x210 CMakeFiles/LTDC-800-480.elf.dir/User/lcd_rgb.c.obj
                0x08006bcc                HAL_LTDC_MspInit
 .text.LCD_SetLayer
                0x08006ddc       0x34 CMakeFiles/LTDC-800-480.elf.dir/User/lcd_rgb.c.obj
                0x08006ddc                LCD_SetLayer
 .text.LCD_SetColor
                0x08006e10       0x90 CMakeFiles/LTDC-800-480.elf.dir/User/lcd_rgb.c.obj
                0x08006e10                LCD_SetColor
 .text.LCD_SetBackColor
                0x08006ea0       0x90 CMakeFiles/LTDC-800-480.elf.dir/User/lcd_rgb.c.obj
                0x08006ea0                LCD_SetBackColor
 .text.LCD_SetFont
                0x08006f30        0xc CMakeFiles/LTDC-800-480.elf.dir/User/lcd_rgb.c.obj
                0x08006f30                LCD_SetFont
 .text.LCD_DisplayDirection
                0x08006f3c        0xc CMakeFiles/LTDC-800-480.elf.dir/User/lcd_rgb.c.obj
                0x08006f3c                LCD_DisplayDirection
 .text.LCD_Clear
                0x08006f48       0x54 CMakeFiles/LTDC-800-480.elf.dir/User/lcd_rgb.c.obj
                0x08006f48                LCD_Clear
 .text.LCD_DrawPoint
                0x08006f9c       0xd0 CMakeFiles/LTDC-800-480.elf.dir/User/lcd_rgb.c.obj
                0x08006f9c                LCD_DrawPoint
 .text.LCD_ShowNumMode
                0x0800706c        0xc CMakeFiles/LTDC-800-480.elf.dir/User/lcd_rgb.c.obj
                0x0800706c                LCD_ShowNumMode
 .text.MX_LTDC_Init_F
                0x08007078      0x15c CMakeFiles/LTDC-800-480.elf.dir/User/lcd_rgb.c.obj
                0x08007078                MX_LTDC_Init_F
 .text.LCD_DrawLine
                0x080071d4       0xf0 CMakeFiles/LTDC-800-480.elf.dir/User/lcd_rgb.c.obj
                0x080071d4                LCD_DrawLine
 .text.LCD_DrawCircle
                0x080072c4       0xb0 CMakeFiles/LTDC-800-480.elf.dir/User/lcd_rgb.c.obj
                0x080072c4                LCD_DrawCircle
 .text.LCD_FillRect
                0x08007374       0x94 CMakeFiles/LTDC-800-480.elf.dir/User/lcd_rgb.c.obj
                0x08007374                LCD_FillRect
 .text.LCD_FillCircle
                0x08007408       0xc0 CMakeFiles/LTDC-800-480.elf.dir/User/lcd_rgb.c.obj
                0x08007408                LCD_FillCircle
 .text.SDRAM_Initialization_Sequence
                0x080074c8       0x8e CMakeFiles/LTDC-800-480.elf.dir/User/sdram.c.obj
                0x080074c8                SDRAM_Initialization_Sequence
 *fill*         0x08007556        0x2 
 .text.MX_FMC_Init_F
                0x08007558       0x7c CMakeFiles/LTDC-800-480.elf.dir/User/sdram.c.obj
                0x08007558                MX_FMC_Init_F
 .text.__udivmoddi4
                0x080075d4      0x2bc D:/arm-none-eabi/13.3 rel1/bin/../lib/gcc/arm-none-eabi/13.3.1/thumb/v7e-m/nofp\libgcc.a(_udivmoddi4.o)
                0x080075d4                __udivmoddi4
 .text.memset   0x08007890       0xa4 D:/arm-none-eabi/13.3 rel1/bin/../lib/gcc/arm-none-eabi/13.3.1/thumb/v7e-m/nofp\libg.a(libc_a-memset.o)
                0x08007890                memset
 .text.__libc_init_array
                0x08007934       0x50 D:/arm-none-eabi/13.3 rel1/bin/../lib/gcc/arm-none-eabi/13.3.1/thumb/v7e-m/nofp\libg.a(libc_a-init.o)
                0x08007934                __libc_init_array
 .text.__retarget_lock_acquire_recursive
                0x08007984        0x4 D:/arm-none-eabi/13.3 rel1/bin/../lib/gcc/arm-none-eabi/13.3.1/thumb/v7e-m/nofp\libg.a(libc_a-lock.o)
                0x08007984                __retarget_lock_acquire_recursive
 .text.__retarget_lock_release_recursive
                0x08007988        0x4 D:/arm-none-eabi/13.3 rel1/bin/../lib/gcc/arm-none-eabi/13.3.1/thumb/v7e-m/nofp\libg.a(libc_a-lock.o)
                0x08007988                __retarget_lock_release_recursive
 .text.startup.register_fini
                0x0800798c       0x14 D:/arm-none-eabi/13.3 rel1/bin/../lib/gcc/arm-none-eabi/13.3.1/thumb/v7e-m/nofp\libg.a(libc_a-__call_atexit.o)
 .text.atexit   0x080079a0        0xc D:/arm-none-eabi/13.3 rel1/bin/../lib/gcc/arm-none-eabi/13.3.1/thumb/v7e-m/nofp\libg.a(libc_a-atexit.o)
                0x080079a0                atexit
 .text.__libc_fini_array
                0x080079ac       0x28 D:/arm-none-eabi/13.3 rel1/bin/../lib/gcc/arm-none-eabi/13.3.1/thumb/v7e-m/nofp\libg.a(libc_a-fini.o)
                0x080079ac                __libc_fini_array
 .text.__register_exitproc
                0x080079d4       0x80 D:/arm-none-eabi/13.3 rel1/bin/../lib/gcc/arm-none-eabi/13.3.1/thumb/v7e-m/nofp\libg.a(libc_a-__atexit.o)
                0x080079d4                __register_exitproc
 *(.glue_7)
 .glue_7        0x08007a54        0x0 linker stubs
 *(.glue_7t)
 .glue_7t       0x08007a54        0x0 linker stubs
 *(.eh_frame)
 .eh_frame      0x08007a54        0x0 D:/arm-none-eabi/13.3 rel1/bin/../lib/gcc/arm-none-eabi/13.3.1/thumb/v7e-m/nofp/crtbegin.o
 *(.init)
 .init          0x08007a54        0x4 D:/arm-none-eabi/13.3 rel1/bin/../lib/gcc/arm-none-eabi/13.3.1/thumb/v7e-m/nofp/crti.o
                0x08007a54                _init
 .init          0x08007a58        0x8 D:/arm-none-eabi/13.3 rel1/bin/../lib/gcc/arm-none-eabi/13.3.1/thumb/v7e-m/nofp/crtn.o
 *(.fini)
 .fini          0x08007a60        0x4 D:/arm-none-eabi/13.3 rel1/bin/../lib/gcc/arm-none-eabi/13.3.1/thumb/v7e-m/nofp/crti.o
                0x08007a60                _fini
 .fini          0x08007a64        0x8 D:/arm-none-eabi/13.3 rel1/bin/../lib/gcc/arm-none-eabi/13.3.1/thumb/v7e-m/nofp/crtn.o
                0x08007a6c                        . = ALIGN (0x4)
                0x08007a6c                        _etext = .

.vfp11_veneer   0x08007a6c        0x0
 .vfp11_veneer  0x08007a6c        0x0 linker stubs

.v4_bx          0x08007a6c        0x0
 .v4_bx         0x08007a6c        0x0 linker stubs

.iplt           0x08007a6c        0x0
 .iplt          0x08007a6c        0x0 D:/arm-none-eabi/13.3 rel1/bin/../lib/gcc/arm-none-eabi/13.3.1/thumb/v7e-m/nofp/crtbegin.o

.rodata         0x08007a6c     0x1210
                0x08007a6c                        . = ALIGN (0x4)
 *(.rodata)
 *(.rodata*)
 .rodata.D1CorePrescTable
                0x08007a6c       0x10 CMakeFiles/LTDC-800-480.elf.dir/Core/Src/system_stm32h7xx.c.obj
                0x08007a6c                D1CorePrescTable
 .rodata.flagBitshiftOffset.0
                0x08007a7c        0x8 CMakeFiles/LTDC-800-480.elf.dir/Drivers/STM32H7xx_HAL_Driver/Src/stm32h7xx_hal_dma.c.obj
 .rodata.UARTPrescTable
                0x08007a84       0x18 CMakeFiles/LTDC-800-480.elf.dir/Drivers/STM32H7xx_HAL_Driver/Src/stm32h7xx_hal_uart.c.obj
                0x08007a84                UARTPrescTable
 .rodata.denominator.0
                0x08007a9c        0x8 CMakeFiles/LTDC-800-480.elf.dir/Drivers/STM32H7xx_HAL_Driver/Src/stm32h7xx_hal_uart_ex.c.obj
 .rodata.numerator.1
                0x08007aa4        0x8 CMakeFiles/LTDC-800-480.elf.dir/Drivers/STM32H7xx_HAL_Driver/Src/stm32h7xx_hal_uart_ex.c.obj
 .rodata.ASCII_2412_Table
                0x08007aac     0x11d0 CMakeFiles/LTDC-800-480.elf.dir/User/lcd_fonts.c.obj
                0x08007aac                ASCII_2412_Table
                0x08008c7c                        . = ALIGN (0x4)

.ARM.extab
 *(.ARM.extab* .gnu.linkonce.armextab.*)

.ARM            0x08008c7c        0x8
                0x08008c7c                        __exidx_start = .
 *(.ARM.exidx*)
 .ARM.exidx.text.__udivmoddi4
                0x08008c7c        0x8 D:/arm-none-eabi/13.3 rel1/bin/../lib/gcc/arm-none-eabi/13.3.1/thumb/v7e-m/nofp\libgcc.a(_udivmoddi4.o)
                0x08008c84                        __exidx_end = .

.preinit_array  0x08008c84        0x0
                0x08008c84                        PROVIDE (__preinit_array_start = .)
 *(.preinit_array*)
                0x08008c84                        PROVIDE (__preinit_array_end = .)

.init_array     0x08008c84        0x8
                0x08008c84                        PROVIDE (__init_array_start = .)
 *(SORT_BY_NAME(.init_array.*))
 .init_array.00000
                0x08008c84        0x4 D:/arm-none-eabi/13.3 rel1/bin/../lib/gcc/arm-none-eabi/13.3.1/thumb/v7e-m/nofp\libg.a(libc_a-__call_atexit.o)
 *(.init_array*)
 .init_array    0x08008c88        0x4 D:/arm-none-eabi/13.3 rel1/bin/../lib/gcc/arm-none-eabi/13.3.1/thumb/v7e-m/nofp/crtbegin.o
                0x08008c8c                        PROVIDE (__init_array_end = .)

.fini_array     0x08008c8c        0x4
                0x08008c8c                        PROVIDE (__fini_array_start = .)
 *(SORT_BY_NAME(.fini_array.*))
 *(.fini_array*)
 .fini_array    0x08008c8c        0x4 D:/arm-none-eabi/13.3 rel1/bin/../lib/gcc/arm-none-eabi/13.3.1/thumb/v7e-m/nofp/crtbegin.o
                0x08008c90                        PROVIDE (__fini_array_end = .)
                0x08008c90                        _sidata = LOADADDR (.data)

.rel.dyn        0x08008c90        0x0
 .rel.iplt      0x08008c90        0x0 D:/arm-none-eabi/13.3 rel1/bin/../lib/gcc/arm-none-eabi/13.3.1/thumb/v7e-m/nofp/crtbegin.o

.data           0x24000000       0x20 load address 0x08008c90
                0x24000000                        . = ALIGN (0x4)
                0x24000000                        _sdata = .
 *(.data)
 *(.data*)
 .data.SystemD2Clock
                0x24000000        0x4 CMakeFiles/LTDC-800-480.elf.dir/Core/Src/system_stm32h7xx.c.obj
                0x24000000                SystemD2Clock
 .data.SystemCoreClock
                0x24000004        0x4 CMakeFiles/LTDC-800-480.elf.dir/Core/Src/system_stm32h7xx.c.obj
                0x24000004                SystemCoreClock
 .data.uwTickFreq
                0x24000008        0x1 CMakeFiles/LTDC-800-480.elf.dir/Drivers/STM32H7xx_HAL_Driver/Src/stm32h7xx_hal.c.obj
                0x24000008                uwTickFreq
 *fill*         0x24000009        0x3 
 .data.uwTickPrio
                0x2400000c        0x4 CMakeFiles/LTDC-800-480.elf.dir/Drivers/STM32H7xx_HAL_Driver/Src/stm32h7xx_hal.c.obj
                0x2400000c                uwTickPrio
 .data.Font24   0x24000010        0xc CMakeFiles/LTDC-800-480.elf.dir/User/lcd_fonts.c.obj
                0x24000010                Font24
 .data.__atexit_recursive_mutex
                0x2400001c        0x4 D:/arm-none-eabi/13.3 rel1/bin/../lib/gcc/arm-none-eabi/13.3.1/thumb/v7e-m/nofp\libg.a(libc_a-__call_atexit.o)
                0x2400001c                __atexit_recursive_mutex
 *(.RamFunc)
 *(.RamFunc*)
                0x24000020                        . = ALIGN (0x4)
                0x24000020                        _edata = .

.tm_clone_table
                0x24000020        0x0 load address 0x08008cb0
 .tm_clone_table
                0x24000020        0x0 D:/arm-none-eabi/13.3 rel1/bin/../lib/gcc/arm-none-eabi/13.3.1/thumb/v7e-m/nofp/crtbegin.o
 .tm_clone_table
                0x24000020        0x0 D:/arm-none-eabi/13.3 rel1/bin/../lib/gcc/arm-none-eabi/13.3.1/thumb/v7e-m/nofp/crtend.o

.igot.plt       0x24000020        0x0 load address 0x08008cb0
 .igot.plt      0x24000020        0x0 D:/arm-none-eabi/13.3 rel1/bin/../lib/gcc/arm-none-eabi/13.3.1/thumb/v7e-m/nofp/crtbegin.o
                0x24000020                        . = ALIGN (0x4)

.bss            0x24000020      0x628 load address 0x08008cb0
                0x24000020                        _sbss = .
                0x24000020                        __bss_start__ = _sbss
 *(.bss)
 *(.bss*)
 .bss.completed.1
                0x24000020        0x1 D:/arm-none-eabi/13.3 rel1/bin/../lib/gcc/arm-none-eabi/13.3.1/thumb/v7e-m/nofp/crtbegin.o
 *fill*         0x24000021        0x3 
 .bss.object.0  0x24000024       0x18 D:/arm-none-eabi/13.3 rel1/bin/../lib/gcc/arm-none-eabi/13.3.1/thumb/v7e-m/nofp/crtbegin.o
 .bss.hdcmi     0x2400003c       0x50 CMakeFiles/LTDC-800-480.elf.dir/Core/Src/dcmi.c.obj
                0x2400003c                hdcmi
 .bss.hdma2d    0x2400008c       0x68 CMakeFiles/LTDC-800-480.elf.dir/Core/Src/dma2d.c.obj
                0x2400008c                hdma2d
 .bss.FMC_Initialized
                0x240000f4        0x4 CMakeFiles/LTDC-800-480.elf.dir/Core/Src/fmc.c.obj
 .bss.hsdram1   0x240000f8       0x34 CMakeFiles/LTDC-800-480.elf.dir/Core/Src/fmc.c.obj
                0x240000f8                hsdram1
 .bss.hqspi     0x2400012c       0x4c CMakeFiles/LTDC-800-480.elf.dir/Core/Src/quadspi.c.obj
                0x2400012c                hqspi
 .bss.hrtc      0x24000178       0x24 CMakeFiles/LTDC-800-480.elf.dir/Core/Src/rtc.c.obj
                0x24000178                hrtc
 .bss.hdma_usart1_tx
                0x2400019c       0x78 CMakeFiles/LTDC-800-480.elf.dir/Core/Src/usart.c.obj
                0x2400019c                hdma_usart1_tx
 .bss.hdma_usart1_rx
                0x24000214       0x78 CMakeFiles/LTDC-800-480.elf.dir/Core/Src/usart.c.obj
                0x24000214                hdma_usart1_rx
 .bss.huart1    0x2400028c       0x94 CMakeFiles/LTDC-800-480.elf.dir/Core/Src/usart.c.obj
                0x2400028c                huart1
 .bss.uwTick    0x24000320        0x4 CMakeFiles/LTDC-800-480.elf.dir/Drivers/STM32H7xx_HAL_Driver/Src/stm32h7xx_hal.c.obj
                0x24000320                uwTick
 .bss.Rest_Flag
                0x24000324        0x1 CMakeFiles/LTDC-800-480.elf.dir/User/Face.c.obj
                0x24000324                Rest_Flag
 .bss.Normal_change
                0x24000325        0x1 CMakeFiles/LTDC-800-480.elf.dir/User/Face.c.obj
                0x24000325                Normal_change
 *fill*         0x24000326        0x2 
 .bss.Normal_count
                0x24000328        0x4 CMakeFiles/LTDC-800-480.elf.dir/User/Face.c.obj
                0x24000328                Normal_count
 .bss.Face_recv_Date
                0x2400032c       0x80 CMakeFiles/LTDC-800-480.elf.dir/User/USART_TO.c.obj
                0x2400032c                Face_recv_Date
 .bss.LCD       0x240003ac       0x14 CMakeFiles/LTDC-800-480.elf.dir/User/lcd_rgb.c.obj
                0x240003ac                LCD
 .bss.LCD_Fonts
                0x240003c0        0x4 CMakeFiles/LTDC-800-480.elf.dir/User/lcd_rgb.c.obj
 .bss.hltdc_f   0x240003c4       0xa8 CMakeFiles/LTDC-800-480.elf.dir/User/lcd_rgb.c.obj
                0x240003c4                hltdc_f
 .bss.command   0x2400046c       0x10 CMakeFiles/LTDC-800-480.elf.dir/User/sdram.c.obj
                0x2400046c                command
 .bss.hsdram1_f
                0x2400047c       0x34 CMakeFiles/LTDC-800-480.elf.dir/User/sdram.c.obj
                0x2400047c                hsdram1_f
 .bss.__lock___atexit_recursive_mutex
                0x240004b0        0x1 D:/arm-none-eabi/13.3 rel1/bin/../lib/gcc/arm-none-eabi/13.3.1/thumb/v7e-m/nofp\libg.a(libc_a-lock.o)
                0x240004b0                __lock___atexit_recursive_mutex
 *fill*         0x240004b1        0x3 
 .bss.__atexit  0x240004b4        0x4 D:/arm-none-eabi/13.3 rel1/bin/../lib/gcc/arm-none-eabi/13.3.1/thumb/v7e-m/nofp\libg.a(libc_a-__call_atexit.o)
                0x240004b4                __atexit
 .bss.__atexit0
                0x240004b8      0x190 D:/arm-none-eabi/13.3 rel1/bin/../lib/gcc/arm-none-eabi/13.3.1/thumb/v7e-m/nofp\libg.a(libc_a-__atexit.o)
                0x240004b8                __atexit0
 *(COMMON)
                0x24000648                        . = ALIGN (0x4)
                0x24000648                        _ebss = .
                0x24000648                        __bss_end__ = _ebss

._user_heap_stack
                0x24000648      0x600 load address 0x08008cb0
                0x24000648                        . = ALIGN (0x8)
                [!provide]                        PROVIDE (end = .)
                0x24000648                        PROVIDE (_end = .)
                0x24000848                        . = (. + _Min_Heap_Size)
 *fill*         0x24000648      0x200 
                0x24000c48                        . = (. + _Min_Stack_Size)
 *fill*         0x24000848      0x400 
                0x24000c48                        . = ALIGN (0x8)

/DISCARD/
 libc.a(*)
 libm.a(*)
 libgcc.a(*)

.ARM.attributes
                0x00000000       0x2a
 *(.ARM.attributes)
 .ARM.attributes
                0x00000000       0x1e D:/arm-none-eabi/13.3 rel1/bin/../lib/gcc/arm-none-eabi/13.3.1/thumb/v7e-m/nofp/crti.o
 .ARM.attributes
                0x0000001e       0x2e D:/arm-none-eabi/13.3 rel1/bin/../lib/gcc/arm-none-eabi/13.3.1/thumb/v7e-m/nofp/crtbegin.o
 .ARM.attributes
                0x0000004c       0x2e CMakeFiles/LTDC-800-480.elf.dir/Core/Src/dcmi.c.obj
 .ARM.attributes
                0x0000007a       0x2e CMakeFiles/LTDC-800-480.elf.dir/Core/Src/dma.c.obj
 .ARM.attributes
                0x000000a8       0x2e CMakeFiles/LTDC-800-480.elf.dir/Core/Src/dma2d.c.obj
 .ARM.attributes
                0x000000d6       0x2e CMakeFiles/LTDC-800-480.elf.dir/Core/Src/fmc.c.obj
 .ARM.attributes
                0x00000104       0x2e CMakeFiles/LTDC-800-480.elf.dir/Core/Src/gpio.c.obj
 .ARM.attributes
                0x00000132       0x2e CMakeFiles/LTDC-800-480.elf.dir/Core/Src/main.c.obj
 .ARM.attributes
                0x00000160       0x2e CMakeFiles/LTDC-800-480.elf.dir/Core/Src/quadspi.c.obj
 .ARM.attributes
                0x0000018e       0x2e CMakeFiles/LTDC-800-480.elf.dir/Core/Src/rtc.c.obj
 .ARM.attributes
                0x000001bc       0x2e CMakeFiles/LTDC-800-480.elf.dir/Core/Src/stm32h7xx_hal_msp.c.obj
 .ARM.attributes
                0x000001ea       0x2e CMakeFiles/LTDC-800-480.elf.dir/Core/Src/stm32h7xx_it.c.obj
 .ARM.attributes
                0x00000218       0x2e CMakeFiles/LTDC-800-480.elf.dir/Core/Src/system_stm32h7xx.c.obj
 .ARM.attributes
                0x00000246       0x2e CMakeFiles/LTDC-800-480.elf.dir/Core/Src/usart.c.obj
 .ARM.attributes
                0x00000274       0x21 CMakeFiles/LTDC-800-480.elf.dir/Core/Startup/startup_stm32h743xihx.s.obj
 .ARM.attributes
                0x00000295       0x2e CMakeFiles/LTDC-800-480.elf.dir/Drivers/STM32H7xx_HAL_Driver/Src/stm32h7xx_hal.c.obj
 .ARM.attributes
                0x000002c3       0x2e CMakeFiles/LTDC-800-480.elf.dir/Drivers/STM32H7xx_HAL_Driver/Src/stm32h7xx_hal_cortex.c.obj
 .ARM.attributes
                0x000002f1       0x2e CMakeFiles/LTDC-800-480.elf.dir/Drivers/STM32H7xx_HAL_Driver/Src/stm32h7xx_hal_dcmi.c.obj
 .ARM.attributes
                0x0000031f       0x2e CMakeFiles/LTDC-800-480.elf.dir/Drivers/STM32H7xx_HAL_Driver/Src/stm32h7xx_hal_dma.c.obj
 .ARM.attributes
                0x0000034d       0x2e CMakeFiles/LTDC-800-480.elf.dir/Drivers/STM32H7xx_HAL_Driver/Src/stm32h7xx_hal_dma2d.c.obj
 .ARM.attributes
                0x0000037b       0x2e CMakeFiles/LTDC-800-480.elf.dir/Drivers/STM32H7xx_HAL_Driver/Src/stm32h7xx_hal_gpio.c.obj
 .ARM.attributes
                0x000003a9       0x2e CMakeFiles/LTDC-800-480.elf.dir/Drivers/STM32H7xx_HAL_Driver/Src/stm32h7xx_hal_ltdc.c.obj
 .ARM.attributes
                0x000003d7       0x2e CMakeFiles/LTDC-800-480.elf.dir/Drivers/STM32H7xx_HAL_Driver/Src/stm32h7xx_hal_pwr_ex.c.obj
 .ARM.attributes
                0x00000405       0x2e CMakeFiles/LTDC-800-480.elf.dir/Drivers/STM32H7xx_HAL_Driver/Src/stm32h7xx_hal_qspi.c.obj
 .ARM.attributes
                0x00000433       0x2e CMakeFiles/LTDC-800-480.elf.dir/Drivers/STM32H7xx_HAL_Driver/Src/stm32h7xx_hal_rcc.c.obj
 .ARM.attributes
                0x00000461       0x2e CMakeFiles/LTDC-800-480.elf.dir/Drivers/STM32H7xx_HAL_Driver/Src/stm32h7xx_hal_rcc_ex.c.obj
 .ARM.attributes
                0x0000048f       0x2e CMakeFiles/LTDC-800-480.elf.dir/Drivers/STM32H7xx_HAL_Driver/Src/stm32h7xx_hal_rtc.c.obj
 .ARM.attributes
                0x000004bd       0x2e CMakeFiles/LTDC-800-480.elf.dir/Drivers/STM32H7xx_HAL_Driver/Src/stm32h7xx_hal_sdram.c.obj
 .ARM.attributes
                0x000004eb       0x2e CMakeFiles/LTDC-800-480.elf.dir/Drivers/STM32H7xx_HAL_Driver/Src/stm32h7xx_hal_uart.c.obj
 .ARM.attributes
                0x00000519       0x2e CMakeFiles/LTDC-800-480.elf.dir/Drivers/STM32H7xx_HAL_Driver/Src/stm32h7xx_hal_uart_ex.c.obj
 .ARM.attributes
                0x00000547       0x2e CMakeFiles/LTDC-800-480.elf.dir/Drivers/STM32H7xx_HAL_Driver/Src/stm32h7xx_ll_fmc.c.obj
 .ARM.attributes
                0x00000575       0x2e CMakeFiles/LTDC-800-480.elf.dir/User/Face.c.obj
 .ARM.attributes
                0x000005a3       0x2e CMakeFiles/LTDC-800-480.elf.dir/User/USART_TO.c.obj
 .ARM.attributes
                0x000005d1       0x2e CMakeFiles/LTDC-800-480.elf.dir/User/lcd_fonts.c.obj
 .ARM.attributes
                0x000005ff       0x2e CMakeFiles/LTDC-800-480.elf.dir/User/lcd_rgb.c.obj
 .ARM.attributes
                0x0000062d       0x2e CMakeFiles/LTDC-800-480.elf.dir/User/sdram.c.obj
 .ARM.attributes
                0x0000065b       0x1e D:/arm-none-eabi/13.3 rel1/bin/../lib/gcc/arm-none-eabi/13.3.1/thumb/v7e-m/nofp\libgcc.a(_arm_addsubsf3.o)
 .ARM.attributes
                0x00000679       0x1e D:/arm-none-eabi/13.3 rel1/bin/../lib/gcc/arm-none-eabi/13.3.1/thumb/v7e-m/nofp\libgcc.a(_arm_muldivsf3.o)
 .ARM.attributes
                0x00000697       0x1e D:/arm-none-eabi/13.3 rel1/bin/../lib/gcc/arm-none-eabi/13.3.1/thumb/v7e-m/nofp\libgcc.a(_arm_fixunssfsi.o)
 .ARM.attributes
                0x000006b5       0x1e D:/arm-none-eabi/13.3 rel1/bin/../lib/gcc/arm-none-eabi/13.3.1/thumb/v7e-m/nofp\libgcc.a(_aeabi_uldivmod.o)
 .ARM.attributes
                0x000006d3       0x2e D:/arm-none-eabi/13.3 rel1/bin/../lib/gcc/arm-none-eabi/13.3.1/thumb/v7e-m/nofp\libgcc.a(_udivmoddi4.o)
 .ARM.attributes
                0x00000701       0x1e D:/arm-none-eabi/13.3 rel1/bin/../lib/gcc/arm-none-eabi/13.3.1/thumb/v7e-m/nofp\libgcc.a(_dvmd_tls.o)
 .ARM.attributes
                0x0000071f       0x2e D:/arm-none-eabi/13.3 rel1/bin/../lib/gcc/arm-none-eabi/13.3.1/thumb/v7e-m/nofp\libg.a(libc_a-memset.o)
 .ARM.attributes
                0x0000074d       0x2e D:/arm-none-eabi/13.3 rel1/bin/../lib/gcc/arm-none-eabi/13.3.1/thumb/v7e-m/nofp\libg.a(libc_a-init.o)
 .ARM.attributes
                0x0000077b       0x2e D:/arm-none-eabi/13.3 rel1/bin/../lib/gcc/arm-none-eabi/13.3.1/thumb/v7e-m/nofp\libg.a(libc_a-lock.o)
 .ARM.attributes
                0x000007a9       0x2e D:/arm-none-eabi/13.3 rel1/bin/../lib/gcc/arm-none-eabi/13.3.1/thumb/v7e-m/nofp\libg.a(libc_a-__call_atexit.o)
 .ARM.attributes
                0x000007d7       0x2e D:/arm-none-eabi/13.3 rel1/bin/../lib/gcc/arm-none-eabi/13.3.1/thumb/v7e-m/nofp\libg.a(libc_a-atexit.o)
 .ARM.attributes
                0x00000805       0x2e D:/arm-none-eabi/13.3 rel1/bin/../lib/gcc/arm-none-eabi/13.3.1/thumb/v7e-m/nofp\libg.a(libc_a-fini.o)
 .ARM.attributes
                0x00000833       0x2e D:/arm-none-eabi/13.3 rel1/bin/../lib/gcc/arm-none-eabi/13.3.1/thumb/v7e-m/nofp\libg.a(libc_a-__atexit.o)
 .ARM.attributes
                0x00000861       0x2e D:/arm-none-eabi/13.3 rel1/bin/../lib/gcc/arm-none-eabi/13.3.1/thumb/v7e-m/nofp/crtend.o
 .ARM.attributes
                0x0000088f       0x1e D:/arm-none-eabi/13.3 rel1/bin/../lib/gcc/arm-none-eabi/13.3.1/thumb/v7e-m/nofp/crtn.o
OUTPUT(LTDC-800-480.elf elf32-littlearm)
LOAD linker stubs
LOAD D:/arm-none-eabi/13.3 rel1/bin/../lib/gcc/arm-none-eabi/13.3.1/thumb/v7e-m/nofp\libc.a
LOAD D:/arm-none-eabi/13.3 rel1/bin/../lib/gcc/arm-none-eabi/13.3.1/thumb/v7e-m/nofp\libm.a
LOAD D:/arm-none-eabi/13.3 rel1/bin/../lib/gcc/arm-none-eabi/13.3.1/thumb/v7e-m/nofp\libgcc.a

.debug_info     0x00000000    0x266f4
 .debug_info    0x00000000      0xd1f CMakeFiles/LTDC-800-480.elf.dir/Core/Src/dcmi.c.obj
 .debug_info    0x00000d1f      0x87f CMakeFiles/LTDC-800-480.elf.dir/Core/Src/dma.c.obj
 .debug_info    0x0000159e      0x8a8 CMakeFiles/LTDC-800-480.elf.dir/Core/Src/dma2d.c.obj
 .debug_info    0x00001e46     0x11e3 CMakeFiles/LTDC-800-480.elf.dir/Core/Src/fmc.c.obj
 .debug_info    0x00003029      0x6e4 CMakeFiles/LTDC-800-480.elf.dir/Core/Src/gpio.c.obj
 .debug_info    0x0000370d     0x120b CMakeFiles/LTDC-800-480.elf.dir/Core/Src/main.c.obj
 .debug_info    0x00004918     0x110d CMakeFiles/LTDC-800-480.elf.dir/Core/Src/quadspi.c.obj
 .debug_info    0x00005a25      0xca3 CMakeFiles/LTDC-800-480.elf.dir/Core/Src/rtc.c.obj
 .debug_info    0x000066c8      0x460 CMakeFiles/LTDC-800-480.elf.dir/Core/Src/stm32h7xx_hal_msp.c.obj
 .debug_info    0x00006b28      0x8ac CMakeFiles/LTDC-800-480.elf.dir/Core/Src/stm32h7xx_it.c.obj
 .debug_info    0x000073d4      0xa61 CMakeFiles/LTDC-800-480.elf.dir/Core/Src/system_stm32h7xx.c.obj
 .debug_info    0x00007e35     0x16ed CMakeFiles/LTDC-800-480.elf.dir/Core/Src/usart.c.obj
 .debug_info    0x00009522       0x30 CMakeFiles/LTDC-800-480.elf.dir/Core/Startup/startup_stm32h743xihx.s.obj
 .debug_info    0x00009552     0x1639 CMakeFiles/LTDC-800-480.elf.dir/Drivers/STM32H7xx_HAL_Driver/Src/stm32h7xx_hal.c.obj
 .debug_info    0x0000ab8b     0x1315 CMakeFiles/LTDC-800-480.elf.dir/Drivers/STM32H7xx_HAL_Driver/Src/stm32h7xx_hal_cortex.c.obj
 .debug_info    0x0000bea0      0xd72 CMakeFiles/LTDC-800-480.elf.dir/Drivers/STM32H7xx_HAL_Driver/Src/stm32h7xx_hal_dcmi.c.obj
 .debug_info    0x0000cc12      0xf46 CMakeFiles/LTDC-800-480.elf.dir/Drivers/STM32H7xx_HAL_Driver/Src/stm32h7xx_hal_dma.c.obj
 .debug_info    0x0000db58     0x14fb CMakeFiles/LTDC-800-480.elf.dir/Drivers/STM32H7xx_HAL_Driver/Src/stm32h7xx_hal_dma2d.c.obj
 .debug_info    0x0000f053      0xc87 CMakeFiles/LTDC-800-480.elf.dir/Drivers/STM32H7xx_HAL_Driver/Src/stm32h7xx_hal_gpio.c.obj
 .debug_info    0x0000fcda     0x14f5 CMakeFiles/LTDC-800-480.elf.dir/Drivers/STM32H7xx_HAL_Driver/Src/stm32h7xx_hal_ltdc.c.obj
 .debug_info    0x000111cf     0x119c CMakeFiles/LTDC-800-480.elf.dir/Drivers/STM32H7xx_HAL_Driver/Src/stm32h7xx_hal_pwr_ex.c.obj
 .debug_info    0x0001236b     0x18c5 CMakeFiles/LTDC-800-480.elf.dir/Drivers/STM32H7xx_HAL_Driver/Src/stm32h7xx_hal_qspi.c.obj
 .debug_info    0x00013c30     0x12f0 CMakeFiles/LTDC-800-480.elf.dir/Drivers/STM32H7xx_HAL_Driver/Src/stm32h7xx_hal_rcc.c.obj
 .debug_info    0x00014f20     0x1f6b CMakeFiles/LTDC-800-480.elf.dir/Drivers/STM32H7xx_HAL_Driver/Src/stm32h7xx_hal_rcc_ex.c.obj
 .debug_info    0x00016e8b     0x1224 CMakeFiles/LTDC-800-480.elf.dir/Drivers/STM32H7xx_HAL_Driver/Src/stm32h7xx_hal_rtc.c.obj
 .debug_info    0x000180af     0x130a CMakeFiles/LTDC-800-480.elf.dir/Drivers/STM32H7xx_HAL_Driver/Src/stm32h7xx_hal_sdram.c.obj
 .debug_info    0x000193b9     0x653f CMakeFiles/LTDC-800-480.elf.dir/Drivers/STM32H7xx_HAL_Driver/Src/stm32h7xx_hal_uart.c.obj
 .debug_info    0x0001f8f8     0x1226 CMakeFiles/LTDC-800-480.elf.dir/Drivers/STM32H7xx_HAL_Driver/Src/stm32h7xx_hal_uart_ex.c.obj
 .debug_info    0x00020b1e      0xc8e CMakeFiles/LTDC-800-480.elf.dir/Drivers/STM32H7xx_HAL_Driver/Src/stm32h7xx_ll_fmc.c.obj
 .debug_info    0x000217ac      0x428 CMakeFiles/LTDC-800-480.elf.dir/User/Face.c.obj
 .debug_info    0x00021bd4      0x94a CMakeFiles/LTDC-800-480.elf.dir/User/USART_TO.c.obj
 .debug_info    0x0002251e      0x3f6 CMakeFiles/LTDC-800-480.elf.dir/User/lcd_fonts.c.obj
 .debug_info    0x00022914     0x2e3c CMakeFiles/LTDC-800-480.elf.dir/User/lcd_rgb.c.obj
 .debug_info    0x00025750      0xfa4 CMakeFiles/LTDC-800-480.elf.dir/User/sdram.c.obj

.debug_abbrev   0x00000000     0x4941
 .debug_abbrev  0x00000000      0x23f CMakeFiles/LTDC-800-480.elf.dir/Core/Src/dcmi.c.obj
 .debug_abbrev  0x0000023f      0x13b CMakeFiles/LTDC-800-480.elf.dir/Core/Src/dma.c.obj
 .debug_abbrev  0x0000037a      0x1e5 CMakeFiles/LTDC-800-480.elf.dir/Core/Src/dma2d.c.obj
 .debug_abbrev  0x0000055f      0x294 CMakeFiles/LTDC-800-480.elf.dir/Core/Src/fmc.c.obj
 .debug_abbrev  0x000007f3      0x163 CMakeFiles/LTDC-800-480.elf.dir/Core/Src/gpio.c.obj
 .debug_abbrev  0x00000956      0x2ed CMakeFiles/LTDC-800-480.elf.dir/Core/Src/main.c.obj
 .debug_abbrev  0x00000c43      0x235 CMakeFiles/LTDC-800-480.elf.dir/Core/Src/quadspi.c.obj
 .debug_abbrev  0x00000e78      0x1d4 CMakeFiles/LTDC-800-480.elf.dir/Core/Src/rtc.c.obj
 .debug_abbrev  0x0000104c       0xd9 CMakeFiles/LTDC-800-480.elf.dir/Core/Src/stm32h7xx_hal_msp.c.obj
 .debug_abbrev  0x00001125      0x17a CMakeFiles/LTDC-800-480.elf.dir/Core/Src/stm32h7xx_it.c.obj
 .debug_abbrev  0x0000129f      0x16b CMakeFiles/LTDC-800-480.elf.dir/Core/Src/system_stm32h7xx.c.obj
 .debug_abbrev  0x0000140a      0x273 CMakeFiles/LTDC-800-480.elf.dir/Core/Src/usart.c.obj
 .debug_abbrev  0x0000167d       0x24 CMakeFiles/LTDC-800-480.elf.dir/Core/Startup/startup_stm32h743xihx.s.obj
 .debug_abbrev  0x000016a1      0x2ba CMakeFiles/LTDC-800-480.elf.dir/Drivers/STM32H7xx_HAL_Driver/Src/stm32h7xx_hal.c.obj
 .debug_abbrev  0x0000195b      0x3ad CMakeFiles/LTDC-800-480.elf.dir/Drivers/STM32H7xx_HAL_Driver/Src/stm32h7xx_hal_cortex.c.obj
 .debug_abbrev  0x00001d08      0x25b CMakeFiles/LTDC-800-480.elf.dir/Drivers/STM32H7xx_HAL_Driver/Src/stm32h7xx_hal_dcmi.c.obj
 .debug_abbrev  0x00001f63      0x29c CMakeFiles/LTDC-800-480.elf.dir/Drivers/STM32H7xx_HAL_Driver/Src/stm32h7xx_hal_dma.c.obj
 .debug_abbrev  0x000021ff      0x246 CMakeFiles/LTDC-800-480.elf.dir/Drivers/STM32H7xx_HAL_Driver/Src/stm32h7xx_hal_dma2d.c.obj
 .debug_abbrev  0x00002445      0x24e CMakeFiles/LTDC-800-480.elf.dir/Drivers/STM32H7xx_HAL_Driver/Src/stm32h7xx_hal_gpio.c.obj
 .debug_abbrev  0x00002693      0x243 CMakeFiles/LTDC-800-480.elf.dir/Drivers/STM32H7xx_HAL_Driver/Src/stm32h7xx_hal_ltdc.c.obj
 .debug_abbrev  0x000028d6      0x2c7 CMakeFiles/LTDC-800-480.elf.dir/Drivers/STM32H7xx_HAL_Driver/Src/stm32h7xx_hal_pwr_ex.c.obj
 .debug_abbrev  0x00002b9d      0x248 CMakeFiles/LTDC-800-480.elf.dir/Drivers/STM32H7xx_HAL_Driver/Src/stm32h7xx_hal_qspi.c.obj
 .debug_abbrev  0x00002de5      0x2bc CMakeFiles/LTDC-800-480.elf.dir/Drivers/STM32H7xx_HAL_Driver/Src/stm32h7xx_hal_rcc.c.obj
 .debug_abbrev  0x000030a1      0x291 CMakeFiles/LTDC-800-480.elf.dir/Drivers/STM32H7xx_HAL_Driver/Src/stm32h7xx_hal_rcc_ex.c.obj
 .debug_abbrev  0x00003332      0x207 CMakeFiles/LTDC-800-480.elf.dir/Drivers/STM32H7xx_HAL_Driver/Src/stm32h7xx_hal_rtc.c.obj
 .debug_abbrev  0x00003539      0x227 CMakeFiles/LTDC-800-480.elf.dir/Drivers/STM32H7xx_HAL_Driver/Src/stm32h7xx_hal_sdram.c.obj
 .debug_abbrev  0x00003760      0x37a CMakeFiles/LTDC-800-480.elf.dir/Drivers/STM32H7xx_HAL_Driver/Src/stm32h7xx_hal_uart.c.obj
 .debug_abbrev  0x00003ada      0x343 CMakeFiles/LTDC-800-480.elf.dir/Drivers/STM32H7xx_HAL_Driver/Src/stm32h7xx_hal_uart_ex.c.obj
 .debug_abbrev  0x00003e1d      0x1c4 CMakeFiles/LTDC-800-480.elf.dir/Drivers/STM32H7xx_HAL_Driver/Src/stm32h7xx_ll_fmc.c.obj
 .debug_abbrev  0x00003fe1      0x133 CMakeFiles/LTDC-800-480.elf.dir/User/Face.c.obj
 .debug_abbrev  0x00004114      0x1bb CMakeFiles/LTDC-800-480.elf.dir/User/USART_TO.c.obj
 .debug_abbrev  0x000042cf       0xec CMakeFiles/LTDC-800-480.elf.dir/User/lcd_fonts.c.obj
 .debug_abbrev  0x000043bb      0x36b CMakeFiles/LTDC-800-480.elf.dir/User/lcd_rgb.c.obj
 .debug_abbrev  0x00004726      0x21b CMakeFiles/LTDC-800-480.elf.dir/User/sdram.c.obj

.debug_loclists
                0x00000000     0xdad7
 .debug_loclists
                0x00000000       0x77 CMakeFiles/LTDC-800-480.elf.dir/Core/Src/dcmi.c.obj
 .debug_loclists
                0x00000077       0x46 CMakeFiles/LTDC-800-480.elf.dir/Core/Src/fmc.c.obj
 .debug_loclists
                0x000000bd       0x56 CMakeFiles/LTDC-800-480.elf.dir/Core/Src/main.c.obj
 .debug_loclists
                0x00000113       0x87 CMakeFiles/LTDC-800-480.elf.dir/Core/Src/quadspi.c.obj
 .debug_loclists
                0x0000019a       0x20 CMakeFiles/LTDC-800-480.elf.dir/Core/Src/rtc.c.obj
 .debug_loclists
                0x000001ba      0x155 CMakeFiles/LTDC-800-480.elf.dir/Core/Src/system_stm32h7xx.c.obj
 .debug_loclists
                0x0000030f       0x45 CMakeFiles/LTDC-800-480.elf.dir/Core/Src/usart.c.obj
 .debug_loclists
                0x00000354      0x2e8 CMakeFiles/LTDC-800-480.elf.dir/Drivers/STM32H7xx_HAL_Driver/Src/stm32h7xx_hal.c.obj
 .debug_loclists
                0x0000063c      0x50a CMakeFiles/LTDC-800-480.elf.dir/Drivers/STM32H7xx_HAL_Driver/Src/stm32h7xx_hal_cortex.c.obj
 .debug_loclists
                0x00000b46      0x46e CMakeFiles/LTDC-800-480.elf.dir/Drivers/STM32H7xx_HAL_Driver/Src/stm32h7xx_hal_dcmi.c.obj
 .debug_loclists
                0x00000fb4      0xa7c CMakeFiles/LTDC-800-480.elf.dir/Drivers/STM32H7xx_HAL_Driver/Src/stm32h7xx_hal_dma.c.obj
 .debug_loclists
                0x00001a30      0xf37 CMakeFiles/LTDC-800-480.elf.dir/Drivers/STM32H7xx_HAL_Driver/Src/stm32h7xx_hal_dma2d.c.obj
 .debug_loclists
                0x00002967      0x2a0 CMakeFiles/LTDC-800-480.elf.dir/Drivers/STM32H7xx_HAL_Driver/Src/stm32h7xx_hal_gpio.c.obj
 .debug_loclists
                0x00002c07     0x10d5 CMakeFiles/LTDC-800-480.elf.dir/Drivers/STM32H7xx_HAL_Driver/Src/stm32h7xx_hal_ltdc.c.obj
 .debug_loclists
                0x00003cdc      0x340 CMakeFiles/LTDC-800-480.elf.dir/Drivers/STM32H7xx_HAL_Driver/Src/stm32h7xx_hal_pwr_ex.c.obj
 .debug_loclists
                0x0000401c      0xd85 CMakeFiles/LTDC-800-480.elf.dir/Drivers/STM32H7xx_HAL_Driver/Src/stm32h7xx_hal_qspi.c.obj
 .debug_loclists
                0x00004da1      0x68e CMakeFiles/LTDC-800-480.elf.dir/Drivers/STM32H7xx_HAL_Driver/Src/stm32h7xx_hal_rcc.c.obj
 .debug_loclists
                0x0000542f     0x16da CMakeFiles/LTDC-800-480.elf.dir/Drivers/STM32H7xx_HAL_Driver/Src/stm32h7xx_hal_rcc_ex.c.obj
 .debug_loclists
                0x00006b09      0x996 CMakeFiles/LTDC-800-480.elf.dir/Drivers/STM32H7xx_HAL_Driver/Src/stm32h7xx_hal_rtc.c.obj
 .debug_loclists
                0x0000749f      0xa7d CMakeFiles/LTDC-800-480.elf.dir/Drivers/STM32H7xx_HAL_Driver/Src/stm32h7xx_hal_sdram.c.obj
 .debug_loclists
                0x00007f1c     0x383e CMakeFiles/LTDC-800-480.elf.dir/Drivers/STM32H7xx_HAL_Driver/Src/stm32h7xx_hal_uart.c.obj
 .debug_loclists
                0x0000b75a      0x7dc CMakeFiles/LTDC-800-480.elf.dir/Drivers/STM32H7xx_HAL_Driver/Src/stm32h7xx_hal_uart_ex.c.obj
 .debug_loclists
                0x0000bf36      0x578 CMakeFiles/LTDC-800-480.elf.dir/Drivers/STM32H7xx_HAL_Driver/Src/stm32h7xx_ll_fmc.c.obj
 .debug_loclists
                0x0000c4ae       0x41 CMakeFiles/LTDC-800-480.elf.dir/User/USART_TO.c.obj
 .debug_loclists
                0x0000c4ef     0x1595 CMakeFiles/LTDC-800-480.elf.dir/User/lcd_rgb.c.obj
 .debug_loclists
                0x0000da84       0x53 CMakeFiles/LTDC-800-480.elf.dir/User/sdram.c.obj

.debug_aranges  0x00000000     0x1498
 .debug_aranges
                0x00000000       0x30 CMakeFiles/LTDC-800-480.elf.dir/Core/Src/dcmi.c.obj
 .debug_aranges
                0x00000030       0x20 CMakeFiles/LTDC-800-480.elf.dir/Core/Src/dma.c.obj
 .debug_aranges
                0x00000050       0x30 CMakeFiles/LTDC-800-480.elf.dir/Core/Src/dma2d.c.obj
 .debug_aranges
                0x00000080       0x40 CMakeFiles/LTDC-800-480.elf.dir/Core/Src/fmc.c.obj
 .debug_aranges
                0x000000c0       0x20 CMakeFiles/LTDC-800-480.elf.dir/Core/Src/gpio.c.obj
 .debug_aranges
                0x000000e0       0x38 CMakeFiles/LTDC-800-480.elf.dir/Core/Src/main.c.obj
 .debug_aranges
                0x00000118       0x30 CMakeFiles/LTDC-800-480.elf.dir/Core/Src/quadspi.c.obj
 .debug_aranges
                0x00000148       0x30 CMakeFiles/LTDC-800-480.elf.dir/Core/Src/rtc.c.obj
 .debug_aranges
                0x00000178       0x20 CMakeFiles/LTDC-800-480.elf.dir/Core/Src/stm32h7xx_hal_msp.c.obj
 .debug_aranges
                0x00000198       0x78 CMakeFiles/LTDC-800-480.elf.dir/Core/Src/stm32h7xx_it.c.obj
 .debug_aranges
                0x00000210       0x28 CMakeFiles/LTDC-800-480.elf.dir/Core/Src/system_stm32h7xx.c.obj
 .debug_aranges
                0x00000238       0x30 CMakeFiles/LTDC-800-480.elf.dir/Core/Src/usart.c.obj
 .debug_aranges
                0x00000268       0x28 CMakeFiles/LTDC-800-480.elf.dir/Core/Startup/startup_stm32h743xihx.s.obj
 .debug_aranges
                0x00000290      0x198 CMakeFiles/LTDC-800-480.elf.dir/Drivers/STM32H7xx_HAL_Driver/Src/stm32h7xx_hal.c.obj
 .debug_aranges
                0x00000428       0xf8 CMakeFiles/LTDC-800-480.elf.dir/Drivers/STM32H7xx_HAL_Driver/Src/stm32h7xx_hal_cortex.c.obj
 .debug_aranges
                0x00000520       0xc0 CMakeFiles/LTDC-800-480.elf.dir/Drivers/STM32H7xx_HAL_Driver/Src/stm32h7xx_hal_dcmi.c.obj
 .debug_aranges
                0x000005e0       0xa0 CMakeFiles/LTDC-800-480.elf.dir/Drivers/STM32H7xx_HAL_Driver/Src/stm32h7xx_hal_dma.c.obj
 .debug_aranges
                0x00000680      0x118 CMakeFiles/LTDC-800-480.elf.dir/Drivers/STM32H7xx_HAL_Driver/Src/stm32h7xx_hal_dma2d.c.obj
 .debug_aranges
                0x00000798       0x58 CMakeFiles/LTDC-800-480.elf.dir/Drivers/STM32H7xx_HAL_Driver/Src/stm32h7xx_hal_gpio.c.obj
 .debug_aranges
                0x000007f0      0x158 CMakeFiles/LTDC-800-480.elf.dir/Drivers/STM32H7xx_HAL_Driver/Src/stm32h7xx_hal_ltdc.c.obj
 .debug_aranges
                0x00000948      0x158 CMakeFiles/LTDC-800-480.elf.dir/Drivers/STM32H7xx_HAL_Driver/Src/stm32h7xx_hal_pwr_ex.c.obj
 .debug_aranges
                0x00000aa0      0x148 CMakeFiles/LTDC-800-480.elf.dir/Drivers/STM32H7xx_HAL_Driver/Src/stm32h7xx_hal_qspi.c.obj
 .debug_aranges
                0x00000be8       0x88 CMakeFiles/LTDC-800-480.elf.dir/Drivers/STM32H7xx_HAL_Driver/Src/stm32h7xx_hal_rcc.c.obj
 .debug_aranges
                0x00000c70       0xf8 CMakeFiles/LTDC-800-480.elf.dir/Drivers/STM32H7xx_HAL_Driver/Src/stm32h7xx_hal_rcc_ex.c.obj
 .debug_aranges
                0x00000d68       0xc0 CMakeFiles/LTDC-800-480.elf.dir/Drivers/STM32H7xx_HAL_Driver/Src/stm32h7xx_hal_rtc.c.obj
 .debug_aranges
                0x00000e28       0xe8 CMakeFiles/LTDC-800-480.elf.dir/Drivers/STM32H7xx_HAL_Driver/Src/stm32h7xx_hal_sdram.c.obj
 .debug_aranges
                0x00000f10      0x248 CMakeFiles/LTDC-800-480.elf.dir/Drivers/STM32H7xx_HAL_Driver/Src/stm32h7xx_hal_uart.c.obj
 .debug_aranges
                0x00001158       0xa8 CMakeFiles/LTDC-800-480.elf.dir/Drivers/STM32H7xx_HAL_Driver/Src/stm32h7xx_hal_uart_ex.c.obj
 .debug_aranges
                0x00001200       0xc8 CMakeFiles/LTDC-800-480.elf.dir/Drivers/STM32H7xx_HAL_Driver/Src/stm32h7xx_ll_fmc.c.obj
 .debug_aranges
                0x000012c8       0x58 CMakeFiles/LTDC-800-480.elf.dir/User/Face.c.obj
 .debug_aranges
                0x00001320       0x30 CMakeFiles/LTDC-800-480.elf.dir/User/USART_TO.c.obj
 .debug_aranges
                0x00001350       0x18 CMakeFiles/LTDC-800-480.elf.dir/User/lcd_fonts.c.obj
 .debug_aranges
                0x00001368       0xf8 CMakeFiles/LTDC-800-480.elf.dir/User/lcd_rgb.c.obj
 .debug_aranges
                0x00001460       0x38 CMakeFiles/LTDC-800-480.elf.dir/User/sdram.c.obj

.debug_rnglists
                0x00000000      0xfd7
 .debug_rnglists
                0x00000000       0x20 CMakeFiles/LTDC-800-480.elf.dir/Core/Src/dcmi.c.obj
 .debug_rnglists
                0x00000020       0x13 CMakeFiles/LTDC-800-480.elf.dir/Core/Src/dma.c.obj
 .debug_rnglists
                0x00000033       0x1f CMakeFiles/LTDC-800-480.elf.dir/Core/Src/dma2d.c.obj
 .debug_rnglists
                0x00000052       0x2c CMakeFiles/LTDC-800-480.elf.dir/Core/Src/fmc.c.obj
 .debug_rnglists
                0x0000007e       0x14 CMakeFiles/LTDC-800-480.elf.dir/Core/Src/gpio.c.obj
 .debug_rnglists
                0x00000092       0x27 CMakeFiles/LTDC-800-480.elf.dir/Core/Src/main.c.obj
 .debug_rnglists
                0x000000b9       0x20 CMakeFiles/LTDC-800-480.elf.dir/Core/Src/quadspi.c.obj
 .debug_rnglists
                0x000000d9       0x1f CMakeFiles/LTDC-800-480.elf.dir/Core/Src/rtc.c.obj
 .debug_rnglists
                0x000000f8       0x13 CMakeFiles/LTDC-800-480.elf.dir/Core/Src/stm32h7xx_hal_msp.c.obj
 .debug_rnglists
                0x0000010b       0x55 CMakeFiles/LTDC-800-480.elf.dir/Core/Src/stm32h7xx_it.c.obj
 .debug_rnglists
                0x00000160       0x1b CMakeFiles/LTDC-800-480.elf.dir/Core/Src/system_stm32h7xx.c.obj
 .debug_rnglists
                0x0000017b       0x20 CMakeFiles/LTDC-800-480.elf.dir/Core/Src/usart.c.obj
 .debug_rnglists
                0x0000019b       0x19 CMakeFiles/LTDC-800-480.elf.dir/Core/Startup/startup_stm32h743xihx.s.obj
 .debug_rnglists
                0x000001b4      0x12f CMakeFiles/LTDC-800-480.elf.dir/Drivers/STM32H7xx_HAL_Driver/Src/stm32h7xx_hal.c.obj
 .debug_rnglists
                0x000002e3       0xb5 CMakeFiles/LTDC-800-480.elf.dir/Drivers/STM32H7xx_HAL_Driver/Src/stm32h7xx_hal_cortex.c.obj
 .debug_rnglists
                0x00000398       0x90 CMakeFiles/LTDC-800-480.elf.dir/Drivers/STM32H7xx_HAL_Driver/Src/stm32h7xx_hal_dcmi.c.obj
 .debug_rnglists
                0x00000428       0x8b CMakeFiles/LTDC-800-480.elf.dir/Drivers/STM32H7xx_HAL_Driver/Src/stm32h7xx_hal_dma.c.obj
 .debug_rnglists
                0x000004b3       0xd8 CMakeFiles/LTDC-800-480.elf.dir/Drivers/STM32H7xx_HAL_Driver/Src/stm32h7xx_hal_dma2d.c.obj
 .debug_rnglists
                0x0000058b       0x3f CMakeFiles/LTDC-800-480.elf.dir/Drivers/STM32H7xx_HAL_Driver/Src/stm32h7xx_hal_gpio.c.obj
 .debug_rnglists
                0x000005ca      0x103 CMakeFiles/LTDC-800-480.elf.dir/Drivers/STM32H7xx_HAL_Driver/Src/stm32h7xx_hal_ltdc.c.obj
 .debug_rnglists
                0x000006cd      0x133 CMakeFiles/LTDC-800-480.elf.dir/Drivers/STM32H7xx_HAL_Driver/Src/stm32h7xx_hal_pwr_ex.c.obj
 .debug_rnglists
                0x00000800      0x100 CMakeFiles/LTDC-800-480.elf.dir/Drivers/STM32H7xx_HAL_Driver/Src/stm32h7xx_hal_qspi.c.obj
 .debug_rnglists
                0x00000900       0xaa CMakeFiles/LTDC-800-480.elf.dir/Drivers/STM32H7xx_HAL_Driver/Src/stm32h7xx_hal_rcc.c.obj
 .debug_rnglists
                0x000009aa       0xbf CMakeFiles/LTDC-800-480.elf.dir/Drivers/STM32H7xx_HAL_Driver/Src/stm32h7xx_hal_rcc_ex.c.obj
 .debug_rnglists
                0x00000a69       0x93 CMakeFiles/LTDC-800-480.elf.dir/Drivers/STM32H7xx_HAL_Driver/Src/stm32h7xx_hal_rtc.c.obj
 .debug_rnglists
                0x00000afc       0xa9 CMakeFiles/LTDC-800-480.elf.dir/Drivers/STM32H7xx_HAL_Driver/Src/stm32h7xx_hal_sdram.c.obj
 .debug_rnglists
                0x00000ba5      0x1cb CMakeFiles/LTDC-800-480.elf.dir/Drivers/STM32H7xx_HAL_Driver/Src/stm32h7xx_hal_uart.c.obj
 .debug_rnglists
                0x00000d70       0x88 CMakeFiles/LTDC-800-480.elf.dir/Drivers/STM32H7xx_HAL_Driver/Src/stm32h7xx_hal_uart_ex.c.obj
 .debug_rnglists
                0x00000df8       0x93 CMakeFiles/LTDC-800-480.elf.dir/Drivers/STM32H7xx_HAL_Driver/Src/stm32h7xx_ll_fmc.c.obj
 .debug_rnglists
                0x00000e8b       0x3e CMakeFiles/LTDC-800-480.elf.dir/User/Face.c.obj
 .debug_rnglists
                0x00000ec9       0x21 CMakeFiles/LTDC-800-480.elf.dir/User/USART_TO.c.obj
 .debug_rnglists
                0x00000eea       0xc6 CMakeFiles/LTDC-800-480.elf.dir/User/lcd_rgb.c.obj
 .debug_rnglists
                0x00000fb0       0x27 CMakeFiles/LTDC-800-480.elf.dir/User/sdram.c.obj

.debug_line     0x00000000    0x1a344
 .debug_line    0x00000000      0x478 CMakeFiles/LTDC-800-480.elf.dir/Core/Src/dcmi.c.obj
 .debug_line    0x00000478      0x25d CMakeFiles/LTDC-800-480.elf.dir/Core/Src/dma.c.obj
 .debug_line    0x000006d5      0x3b9 CMakeFiles/LTDC-800-480.elf.dir/Core/Src/dma2d.c.obj
 .debug_line    0x00000a8e      0x5c4 CMakeFiles/LTDC-800-480.elf.dir/Core/Src/fmc.c.obj
 .debug_line    0x00001052      0x2da CMakeFiles/LTDC-800-480.elf.dir/Core/Src/gpio.c.obj
 .debug_line    0x0000132c      0x828 CMakeFiles/LTDC-800-480.elf.dir/Core/Src/main.c.obj
 .debug_line    0x00001b54      0x4bb CMakeFiles/LTDC-800-480.elf.dir/Core/Src/quadspi.c.obj
 .debug_line    0x0000200f      0x3de CMakeFiles/LTDC-800-480.elf.dir/Core/Src/rtc.c.obj
 .debug_line    0x000023ed      0x1d5 CMakeFiles/LTDC-800-480.elf.dir/Core/Src/stm32h7xx_hal_msp.c.obj
 .debug_line    0x000025c2      0x3a0 CMakeFiles/LTDC-800-480.elf.dir/Core/Src/stm32h7xx_it.c.obj
 .debug_line    0x00002962      0x46f CMakeFiles/LTDC-800-480.elf.dir/Core/Src/system_stm32h7xx.c.obj
 .debug_line    0x00002dd1      0x59b CMakeFiles/LTDC-800-480.elf.dir/Core/Src/usart.c.obj
 .debug_line    0x0000336c       0x7a CMakeFiles/LTDC-800-480.elf.dir/Core/Startup/startup_stm32h743xihx.s.obj
 .debug_line    0x000033e6      0xa11 CMakeFiles/LTDC-800-480.elf.dir/Drivers/STM32H7xx_HAL_Driver/Src/stm32h7xx_hal.c.obj
 .debug_line    0x00003df7      0x95f CMakeFiles/LTDC-800-480.elf.dir/Drivers/STM32H7xx_HAL_Driver/Src/stm32h7xx_hal_cortex.c.obj
 .debug_line    0x00004756      0xba7 CMakeFiles/LTDC-800-480.elf.dir/Drivers/STM32H7xx_HAL_Driver/Src/stm32h7xx_hal_dcmi.c.obj
 .debug_line    0x000052fd     0x24db CMakeFiles/LTDC-800-480.elf.dir/Drivers/STM32H7xx_HAL_Driver/Src/stm32h7xx_hal_dma.c.obj
 .debug_line    0x000077d8     0x1218 CMakeFiles/LTDC-800-480.elf.dir/Drivers/STM32H7xx_HAL_Driver/Src/stm32h7xx_hal_dma2d.c.obj
 .debug_line    0x000089f0      0x7e3 CMakeFiles/LTDC-800-480.elf.dir/Drivers/STM32H7xx_HAL_Driver/Src/stm32h7xx_hal_gpio.c.obj
 .debug_line    0x000091d3     0x13db CMakeFiles/LTDC-800-480.elf.dir/Drivers/STM32H7xx_HAL_Driver/Src/stm32h7xx_hal_ltdc.c.obj
 .debug_line    0x0000a5ae      0xc48 CMakeFiles/LTDC-800-480.elf.dir/Drivers/STM32H7xx_HAL_Driver/Src/stm32h7xx_hal_pwr_ex.c.obj
 .debug_line    0x0000b1f6     0x1551 CMakeFiles/LTDC-800-480.elf.dir/Drivers/STM32H7xx_HAL_Driver/Src/stm32h7xx_hal_qspi.c.obj
 .debug_line    0x0000c747     0x1470 CMakeFiles/LTDC-800-480.elf.dir/Drivers/STM32H7xx_HAL_Driver/Src/stm32h7xx_hal_rcc.c.obj
 .debug_line    0x0000dbb7     0x2077 CMakeFiles/LTDC-800-480.elf.dir/Drivers/STM32H7xx_HAL_Driver/Src/stm32h7xx_hal_rcc_ex.c.obj
 .debug_line    0x0000fc2e     0x1141 CMakeFiles/LTDC-800-480.elf.dir/Drivers/STM32H7xx_HAL_Driver/Src/stm32h7xx_hal_rtc.c.obj
 .debug_line    0x00010d6f      0xb2c CMakeFiles/LTDC-800-480.elf.dir/Drivers/STM32H7xx_HAL_Driver/Src/stm32h7xx_hal_sdram.c.obj
 .debug_line    0x0001189b     0x5261 CMakeFiles/LTDC-800-480.elf.dir/Drivers/STM32H7xx_HAL_Driver/Src/stm32h7xx_hal_uart.c.obj
 .debug_line    0x00016afc      0xbb5 CMakeFiles/LTDC-800-480.elf.dir/Drivers/STM32H7xx_HAL_Driver/Src/stm32h7xx_hal_uart_ex.c.obj
 .debug_line    0x000176b1      0x78c CMakeFiles/LTDC-800-480.elf.dir/Drivers/STM32H7xx_HAL_Driver/Src/stm32h7xx_ll_fmc.c.obj
 .debug_line    0x00017e3d      0x275 CMakeFiles/LTDC-800-480.elf.dir/User/Face.c.obj
 .debug_line    0x000180b2      0x3f4 CMakeFiles/LTDC-800-480.elf.dir/User/USART_TO.c.obj
 .debug_line    0x000184a6      0x127 CMakeFiles/LTDC-800-480.elf.dir/User/lcd_fonts.c.obj
 .debug_line    0x000185cd     0x1816 CMakeFiles/LTDC-800-480.elf.dir/User/lcd_rgb.c.obj
 .debug_line    0x00019de3      0x561 CMakeFiles/LTDC-800-480.elf.dir/User/sdram.c.obj

.debug_str      0x00000000     0x8133
 .debug_str     0x00000000     0x8133 CMakeFiles/LTDC-800-480.elf.dir/Core/Src/dcmi.c.obj
                                0xacf (size before relaxing)
 .debug_str     0x00008133      0xcc7 CMakeFiles/LTDC-800-480.elf.dir/Core/Src/dma.c.obj
 .debug_str     0x00008133      0x79c CMakeFiles/LTDC-800-480.elf.dir/Core/Src/dma2d.c.obj
 .debug_str     0x00008133      0xed4 CMakeFiles/LTDC-800-480.elf.dir/Core/Src/fmc.c.obj
 .debug_str     0x00008133      0x51b CMakeFiles/LTDC-800-480.elf.dir/Core/Src/gpio.c.obj
 .debug_str     0x00008133      0xa4f CMakeFiles/LTDC-800-480.elf.dir/Core/Src/main.c.obj
 .debug_str     0x00008133      0xe6e CMakeFiles/LTDC-800-480.elf.dir/Core/Src/quadspi.c.obj
 .debug_str     0x00008133      0xae5 CMakeFiles/LTDC-800-480.elf.dir/Core/Src/rtc.c.obj
 .debug_str     0x00008133      0x486 CMakeFiles/LTDC-800-480.elf.dir/Core/Src/stm32h7xx_hal_msp.c.obj
 .debug_str     0x00008133      0x915 CMakeFiles/LTDC-800-480.elf.dir/Core/Src/stm32h7xx_it.c.obj
 .debug_str     0x00008133      0x6fc CMakeFiles/LTDC-800-480.elf.dir/Core/Src/system_stm32h7xx.c.obj
 .debug_str     0x00008133     0x17d3 CMakeFiles/LTDC-800-480.elf.dir/Core/Src/usart.c.obj
 .debug_str     0x00008133      0x103 CMakeFiles/LTDC-800-480.elf.dir/Core/Startup/startup_stm32h743xihx.s.obj
 .debug_str     0x00008133     0x154e CMakeFiles/LTDC-800-480.elf.dir/Drivers/STM32H7xx_HAL_Driver/Src/stm32h7xx_hal.c.obj
 .debug_str     0x00008133     0x1114 CMakeFiles/LTDC-800-480.elf.dir/Drivers/STM32H7xx_HAL_Driver/Src/stm32h7xx_hal_cortex.c.obj
 .debug_str     0x00008133      0xae2 CMakeFiles/LTDC-800-480.elf.dir/Drivers/STM32H7xx_HAL_Driver/Src/stm32h7xx_hal_dcmi.c.obj
 .debug_str     0x00008133      0xa5f CMakeFiles/LTDC-800-480.elf.dir/Drivers/STM32H7xx_HAL_Driver/Src/stm32h7xx_hal_dma.c.obj
 .debug_str     0x00008133      0xb21 CMakeFiles/LTDC-800-480.elf.dir/Drivers/STM32H7xx_HAL_Driver/Src/stm32h7xx_hal_dma2d.c.obj
 .debug_str     0x00008133      0x768 CMakeFiles/LTDC-800-480.elf.dir/Drivers/STM32H7xx_HAL_Driver/Src/stm32h7xx_hal_gpio.c.obj
 .debug_str     0x00008133      0xa6c CMakeFiles/LTDC-800-480.elf.dir/Drivers/STM32H7xx_HAL_Driver/Src/stm32h7xx_hal_ltdc.c.obj
 .debug_str     0x00008133      0xadd CMakeFiles/LTDC-800-480.elf.dir/Drivers/STM32H7xx_HAL_Driver/Src/stm32h7xx_hal_pwr_ex.c.obj
 .debug_str     0x00008133      0xcf9 CMakeFiles/LTDC-800-480.elf.dir/Drivers/STM32H7xx_HAL_Driver/Src/stm32h7xx_hal_qspi.c.obj
 .debug_str     0x00008133      0xaf0 CMakeFiles/LTDC-800-480.elf.dir/Drivers/STM32H7xx_HAL_Driver/Src/stm32h7xx_hal_rcc.c.obj
 .debug_str     0x00008133      0xffb CMakeFiles/LTDC-800-480.elf.dir/Drivers/STM32H7xx_HAL_Driver/Src/stm32h7xx_hal_rcc_ex.c.obj
 .debug_str     0x00008133      0x915 CMakeFiles/LTDC-800-480.elf.dir/Drivers/STM32H7xx_HAL_Driver/Src/stm32h7xx_hal_rtc.c.obj
 .debug_str     0x00008133      0xc48 CMakeFiles/LTDC-800-480.elf.dir/Drivers/STM32H7xx_HAL_Driver/Src/stm32h7xx_hal_sdram.c.obj
 .debug_str     0x00008133     0x1547 CMakeFiles/LTDC-800-480.elf.dir/Drivers/STM32H7xx_HAL_Driver/Src/stm32h7xx_hal_uart.c.obj
 .debug_str     0x00008133      0xc3b CMakeFiles/LTDC-800-480.elf.dir/Drivers/STM32H7xx_HAL_Driver/Src/stm32h7xx_hal_uart_ex.c.obj
 .debug_str     0x00008133      0x94d CMakeFiles/LTDC-800-480.elf.dir/Drivers/STM32H7xx_HAL_Driver/Src/stm32h7xx_ll_fmc.c.obj
 .debug_str     0x00008133      0x35e CMakeFiles/LTDC-800-480.elf.dir/User/Face.c.obj
 .debug_str     0x00008133      0x8f4 CMakeFiles/LTDC-800-480.elf.dir/User/USART_TO.c.obj
 .debug_str     0x00008133      0x38a CMakeFiles/LTDC-800-480.elf.dir/User/lcd_fonts.c.obj
 .debug_str     0x00008133     0x148e CMakeFiles/LTDC-800-480.elf.dir/User/lcd_rgb.c.obj
 .debug_str     0x00008133      0xbb0 CMakeFiles/LTDC-800-480.elf.dir/User/sdram.c.obj

.comment        0x00000000       0x45
 .comment       0x00000000       0x45 CMakeFiles/LTDC-800-480.elf.dir/Core/Src/dcmi.c.obj
                                 0x46 (size before relaxing)
 .comment       0x00000045       0x46 CMakeFiles/LTDC-800-480.elf.dir/Core/Src/dma.c.obj
 .comment       0x00000045       0x46 CMakeFiles/LTDC-800-480.elf.dir/Core/Src/dma2d.c.obj
 .comment       0x00000045       0x46 CMakeFiles/LTDC-800-480.elf.dir/Core/Src/fmc.c.obj
 .comment       0x00000045       0x46 CMakeFiles/LTDC-800-480.elf.dir/Core/Src/gpio.c.obj
 .comment       0x00000045       0x46 CMakeFiles/LTDC-800-480.elf.dir/Core/Src/main.c.obj
 .comment       0x00000045       0x46 CMakeFiles/LTDC-800-480.elf.dir/Core/Src/quadspi.c.obj
 .comment       0x00000045       0x46 CMakeFiles/LTDC-800-480.elf.dir/Core/Src/rtc.c.obj
 .comment       0x00000045       0x46 CMakeFiles/LTDC-800-480.elf.dir/Core/Src/stm32h7xx_hal_msp.c.obj
 .comment       0x00000045       0x46 CMakeFiles/LTDC-800-480.elf.dir/Core/Src/stm32h7xx_it.c.obj
 .comment       0x00000045       0x46 CMakeFiles/LTDC-800-480.elf.dir/Core/Src/system_stm32h7xx.c.obj
 .comment       0x00000045       0x46 CMakeFiles/LTDC-800-480.elf.dir/Core/Src/usart.c.obj
 .comment       0x00000045       0x46 CMakeFiles/LTDC-800-480.elf.dir/Drivers/STM32H7xx_HAL_Driver/Src/stm32h7xx_hal.c.obj
 .comment       0x00000045       0x46 CMakeFiles/LTDC-800-480.elf.dir/Drivers/STM32H7xx_HAL_Driver/Src/stm32h7xx_hal_cortex.c.obj
 .comment       0x00000045       0x46 CMakeFiles/LTDC-800-480.elf.dir/Drivers/STM32H7xx_HAL_Driver/Src/stm32h7xx_hal_dcmi.c.obj
 .comment       0x00000045       0x46 CMakeFiles/LTDC-800-480.elf.dir/Drivers/STM32H7xx_HAL_Driver/Src/stm32h7xx_hal_dma.c.obj